Component: ARM Compiler 5.06 update 7 (build 960) Tool: armlink [4d3601]

==============================================================================

Section Cross References

    main.o(i.main) refers to rt_memclr_w.o(.text) for __aeabi_memclr4
    main.o(i.main) refers to step.o(i.init_all) for init_all
    main.o(i.main) refers to step.o(i.all_progress1) for all_progress1
    main.o(i.main) refers to step.o(i.all_progress2) for all_progress2
    main.o(i.main) refers to step.o(i.cmd) for cmd
    main.o(i.main) refers to delay.o(i.delay_ms) for delay_ms
    main.o(i.main) refers to usart.o(.data) for USART_RX_STA
    main.o(i.main) refers to usart.o(.bss) for USART_RX_BUF
    system_stm32f10x.o(i.SetSysClock) refers to system_stm32f10x.o(i.SetSysClockTo72) for SetSysClockTo72
    system_stm32f10x.o(i.SystemCoreClockUpdate) refers to system_stm32f10x.o(.data) for SystemCoreClock
    system_stm32f10x.o(i.SystemInit) refers to system_stm32f10x.o(i.SetSysClock) for SetSysClock
    led.o(i.LED_Init) refers to stm32f10x_rcc.o(i.RCC_APB2PeriphClockCmd) for RCC_APB2PeriphClockCmd
    led.o(i.LED_Init) refers to stm32f10x_gpio.o(i.GPIO_Init) for GPIO_Init
    led.o(i.LED_Init) refers to stm32f10x_gpio.o(i.GPIO_SetBits) for GPIO_SetBits
    led.o(i.all_GPIO_DefaultInit) refers to stm32f10x_rcc.o(i.RCC_APB2PeriphClockCmd) for RCC_APB2PeriphClockCmd
    led.o(i.all_GPIO_DefaultInit) refers to stm32f10x_gpio.o(i.GPIO_Init) for GPIO_Init
    key.o(i.KEY_Init) refers to stm32f10x_rcc.o(i.RCC_APB2PeriphClockCmd) for RCC_APB2PeriphClockCmd
    key.o(i.KEY_Init) refers to stm32f10x_gpio.o(i.GPIO_Init) for GPIO_Init
    key.o(i.KEY_Scan) refers to stm32f10x_gpio.o(i.GPIO_ReadInputDataBit) for GPIO_ReadInputDataBit
    key.o(i.KEY_Scan) refers to delay.o(i.delay_ms) for delay_ms
    key.o(i.KEY_Scan) refers to key.o(.data) for key_up
    timer.o(i.TIM3_IRQHandler) refers to stm32f10x_tim.o(i.TIM_GetITStatus) for TIM_GetITStatus
    timer.o(i.TIM3_IRQHandler) refers to stm32f10x_tim.o(i.TIM_ClearITPendingBit) for TIM_ClearITPendingBit
    timer.o(i.TIM3_Int_Init) refers to stm32f10x_rcc.o(i.RCC_APB1PeriphClockCmd) for RCC_APB1PeriphClockCmd
    timer.o(i.TIM3_Int_Init) refers to stm32f10x_tim.o(i.TIM_TimeBaseInit) for TIM_TimeBaseInit
    timer.o(i.TIM3_Int_Init) refers to stm32f10x_tim.o(i.TIM_ITConfig) for TIM_ITConfig
    timer.o(i.TIM3_Int_Init) refers to misc.o(i.NVIC_Init) for NVIC_Init
    timer.o(i.TIM3_Int_Init) refers to stm32f10x_tim.o(i.TIM_Cmd) for TIM_Cmd
    timer.o(i.TIM3_PWM_Init) refers to stm32f10x_rcc.o(i.RCC_APB1PeriphClockCmd) for RCC_APB1PeriphClockCmd
    timer.o(i.TIM3_PWM_Init) refers to stm32f10x_rcc.o(i.RCC_APB2PeriphClockCmd) for RCC_APB2PeriphClockCmd
    timer.o(i.TIM3_PWM_Init) refers to stm32f10x_gpio.o(i.GPIO_PinRemapConfig) for GPIO_PinRemapConfig
    timer.o(i.TIM3_PWM_Init) refers to stm32f10x_gpio.o(i.GPIO_Init) for GPIO_Init
    timer.o(i.TIM3_PWM_Init) refers to stm32f10x_tim.o(i.TIM_TimeBaseInit) for TIM_TimeBaseInit
    timer.o(i.TIM3_PWM_Init) refers to stm32f10x_tim.o(i.TIM_OC1Init) for TIM_OC1Init
    timer.o(i.TIM3_PWM_Init) refers to stm32f10x_tim.o(i.TIM_OC1PreloadConfig) for TIM_OC1PreloadConfig
    timer.o(i.TIM3_PWM_Init) refers to stm32f10x_tim.o(i.TIM_OC2Init) for TIM_OC2Init
    timer.o(i.TIM3_PWM_Init) refers to stm32f10x_tim.o(i.TIM_OC2PreloadConfig) for TIM_OC2PreloadConfig
    timer.o(i.TIM3_PWM_Init) refers to stm32f10x_tim.o(i.TIM_OC3Init) for TIM_OC3Init
    timer.o(i.TIM3_PWM_Init) refers to stm32f10x_tim.o(i.TIM_OC3PreloadConfig) for TIM_OC3PreloadConfig
    timer.o(i.TIM3_PWM_Init) refers to stm32f10x_tim.o(i.TIM_OC4Init) for TIM_OC4Init
    timer.o(i.TIM3_PWM_Init) refers to stm32f10x_tim.o(i.TIM_OC4PreloadConfig) for TIM_OC4PreloadConfig
    timer.o(i.TIM3_PWM_Init) refers to stm32f10x_tim.o(i.TIM_Cmd) for TIM_Cmd
    timer.o(i.TIM4_PWM_Init) refers to stm32f10x_rcc.o(i.RCC_APB1PeriphClockCmd) for RCC_APB1PeriphClockCmd
    timer.o(i.TIM4_PWM_Init) refers to stm32f10x_rcc.o(i.RCC_APB2PeriphClockCmd) for RCC_APB2PeriphClockCmd
    timer.o(i.TIM4_PWM_Init) refers to stm32f10x_gpio.o(i.GPIO_PinRemapConfig) for GPIO_PinRemapConfig
    timer.o(i.TIM4_PWM_Init) refers to stm32f10x_gpio.o(i.GPIO_Init) for GPIO_Init
    timer.o(i.TIM4_PWM_Init) refers to stm32f10x_tim.o(i.TIM_TimeBaseInit) for TIM_TimeBaseInit
    timer.o(i.TIM4_PWM_Init) refers to stm32f10x_tim.o(i.TIM_OC1Init) for TIM_OC1Init
    timer.o(i.TIM4_PWM_Init) refers to stm32f10x_tim.o(i.TIM_OC1PreloadConfig) for TIM_OC1PreloadConfig
    timer.o(i.TIM4_PWM_Init) refers to stm32f10x_tim.o(i.TIM_OC2Init) for TIM_OC2Init
    timer.o(i.TIM4_PWM_Init) refers to stm32f10x_tim.o(i.TIM_OC2PreloadConfig) for TIM_OC2PreloadConfig
    timer.o(i.TIM4_PWM_Init) refers to stm32f10x_tim.o(i.TIM_OC3Init) for TIM_OC3Init
    timer.o(i.TIM4_PWM_Init) refers to stm32f10x_tim.o(i.TIM_OC3PreloadConfig) for TIM_OC3PreloadConfig
[...]
    ..\STM32F10x_FWLib\src\stm32f10x_i2c.c   0x00000000   Number         0  stm32f10x_i2c.o ABSOLUTE
    ..\STM32F10x_FWLib\src\stm32f10x_rcc.c   0x00000000   Number         0  stm32f10x_rcc.o ABSOLUTE
    ..\STM32F10x_FWLib\src\stm32f10x_tim.c   0x00000000   Number         0  stm32f10x_tim.o ABSOLUTE
    ..\STM32F10x_FWLib\src\stm32f10x_usart.c 0x00000000   Number         0  stm32f10x_usart.o ABSOLUTE
    ..\SYSTEM\delay\delay.c                  0x00000000   Number         0  delay.o ABSOLUTE
    ..\SYSTEM\sys\sys.c                      0x00000000   Number         0  sys.o ABSOLUTE
    ..\SYSTEM\usart\usart.c                  0x00000000   Number         0  usart.o ABSOLUTE
    ..\\CORE\\core_cm3.c                     0x00000000   Number         0  core_cm3.o ABSOLUTE
    ..\\SYSTEM\\sys\\sys.c                   0x00000000   Number         0  sys.o ABSOLUTE
    dc.s                                     0x00000000   Number         0  dc.o ABSOLUTE
    main.c                                   0x00000000   Number         0  main.o ABSOLUTE
    stm32f10x_it.c                           0x00000000   Number         0  stm32f10x_it.o ABSOLUTE
    system_stm32f10x.c                       0x00000000   Number         0  system_stm32f10x.o ABSOLUTE
    RESET                                    0x08000000   Section      304  startup_stm32f10x_hd.o(RESET)
    !!!main                                  0x08000130   Section        8  __main.o(!!!main)
    !!!scatter                               0x08000138   Section       52  __scatter.o(!!!scatter)
    !!handler_copy                           0x0800016c   Section       26  __scatter_copy.o(!!handler_copy)
    !!handler_zi                             0x08000188   Section       28  __scatter_zi.o(!!handler_zi)
    .ARM.Collect$$_printf_percent$$00000000  0x080001a4   Section        0  _printf_percent.o(.ARM.Collect$$_printf_percent$$00000000)
    .ARM.Collect$$_printf_percent$$00000009  0x080001a4   Section        6  _printf_d.o(.ARM.Collect$$_printf_percent$$00000009)
    .ARM.Collect$$_printf_percent$$00000017  0x080001aa   Section        4  _printf_percent_end.o(.ARM.Collect$$_printf_percent$$00000017)
    .ARM.Collect$$libinit$$00000000          0x080001ae   Section        2  libinit.o(.ARM.Collect$$libinit$$00000000)
    .ARM.Collect$$libinit$$00000002          0x080001b0   Section        0  libinit2.o(.ARM.Collect$$libinit$$00000002)
    .ARM.Collect$$libinit$$00000004          0x080001b0   Section        0  libinit2.o(.ARM.Collect$$libinit$$00000004)
    .ARM.Collect$$libinit$$0000000A          0x080001b0   Section        0  libinit2.o(.ARM.Collect$$libinit$$0000000A)
    .ARM.Collect$$libinit$$0000000C          0x080001b0   Section        0  libinit2.o(.ARM.Collect$$libinit$$0000000C)
    .ARM.Collect$$libinit$$0000000E          0x080001b0   Section        0  libinit2.o(.ARM.Collect$$libinit$$0000000E)
    .ARM.Collect$$libinit$$00000011          0x080001b0   Section        0  libinit2.o(.ARM.Collect$$libinit$$00000011)
    .ARM.Collect$$libinit$$00000013          0x080001b0   Section        0  libinit2.o(.ARM.Collect$$libinit$$00000013)
    .ARM.Collect$$libinit$$00000015          0x080001b0   Section        0  libinit2.o(.ARM.Collect$$libinit$$00000015)
    .ARM.Collect$$libinit$$00000017          0x080001b0   Section        0  libinit2.o(.ARM.Collect$$libinit$$00000017)
    .ARM.Collect$$libinit$$00000019          0x080001b0   Section        0  libinit2.o(.ARM.Collect$$libinit$$00000019)
    .ARM.Collect$$libinit$$0000001B          0x080001b0   Section        0  libinit2.o(.ARM.Collect$$libinit$$0000001B)
    .ARM.Collect$$libinit$$0000001D          0x080001b0   Section        0  libinit2.o(.ARM.Collect$$libinit$$0000001D)
    .ARM.Collect$$libinit$$0000001F          0x080001b0   Section        0  libinit2.o(.ARM.Collect$$libinit$$0000001F)
    .ARM.Collect$$libinit$$00000021          0x080001b0   Section        0  libinit2.o(.ARM.Collect$$libinit$$00000021)
    .ARM.Collect$$libinit$$00000023          0x080001b0   Section        0  libinit2.o(.ARM.Collect$$libinit$$00000023)
    .ARM.Collect$$libinit$$00000025          0x080001b0   Section        0  libinit2.o(.ARM.Collect$$libinit$$00000025)
    .ARM.Collect$$libinit$$0000002C          0x080001b0   Section        0  libinit2.o(.ARM.Collect$$libinit$$0000002C)
    .ARM.Collect$$libinit$$0000002E          0x080001b0   Section        0  libinit2.o(.ARM.Collect$$libinit$$0000002E)
    .ARM.Collect$$libinit$$00000030          0x080001b0   Section        0  libinit2.o(.ARM.Collect$$libinit$$00000030)
    .ARM.Collect$$libinit$$00000032          0x080001b0   Section        0  libinit2.o(.ARM.Collect$$libinit$$00000032)
    .ARM.Collect$$libinit$$00000033          0x080001b0   Section        2  libinit2.o(.ARM.Collect$$libinit$$00000033)
    .ARM.Collect$$libshutdown$$00000000      0x080001b2   Section        2  libshutdown.o(.ARM.Collect$$libshutdown$$00000000)
    .ARM.Collect$$libshutdown$$00000002      0x080001b4   Section        0  libshutdown2.o(.ARM.Collect$$libshutdown$$00000002)
    .ARM.Collect$$libshutdown$$00000004      0x080001b4   Section        0  libshutdown2.o(.ARM.Collect$$libshutdown$$00000004)
    .ARM.Collect$$libshutdown$$00000006      0x080001b4   Section        0  libshutdown2.o(.ARM.Collect$$libshutdown$$00000006)
    .ARM.Collect$$libshutdown$$00000009      0x080001b4   Section        0  libshutdown2.o(.ARM.Collect$$libshutdown$$00000009)
    .ARM.Collect$$libshutdown$$0000000C      0x080001b4   Section        0  libshutdown2.o(.ARM.Collect$$libshutdown$$0000000C)
    .ARM.Collect$$libshutdown$$0000000E      0x080001b4   Section        0  libshutdown2.o(.ARM.Collect$$libshutdown$$0000000E)
    .ARM.Collect$$libshutdown$$00000011      0x080001b4   Section        0  libshutdown2.o(.ARM.Collect$$libshutdown$$00000011)
    .ARM.Collect$$libshutdown$$00000012      0x080001b4   Section        2  libshutdown2.o(.ARM.Collect$$libshutdown$$00000012)
    .ARM.Collect$$rtentry$$00000000          0x080001b6   Section        0  __rtentry.o(.ARM.Collect$$rtentry$$00000000)
    .ARM.Collect$$rtentry$$00000002          0x080001b6   Section        0  __rtentry2.o(.ARM.Collect$$rtentry$$00000002)
    .ARM.Collect$$rtentry$$00000004          0x080001b6   Section        6  __rtentry4.o(.ARM.Collect$$rtentry$$00000004)
    .ARM.Collect$$rtentry$$00000009          0x080001bc   Section        0  __rtentry2.o(.ARM.Collect$$rtentry$$00000009)
    .ARM.Collect$$rtentry$$0000000A          0x080001bc   Section        4  __rtentry2.o(.ARM.Collect$$rtentry$$0000000A)
    .ARM.Collect$$rtentry$$0000000C          0x080001c0   Section        0  __rtentry2.o(.ARM.Collect$$rtentry$$0000000C)
    .ARM.Collect$$rtentry$$0000000D          0x080001c0   Section        8  __rtentry2.o(.ARM.Collect$$rtentry$$0000000D)
    .ARM.Collect$$rtexit$$00000000           0x080001c8   Section        2  rtexit.o(.ARM.Collect$$rtexit$$00000000)
    .ARM.Collect$$rtexit$$00000002           0x080001ca   Section        0  rtexit2.o(.ARM.Collect$$rtexit$$00000002)
    .ARM.Collect$$rtexit$$00000003           0x080001ca   Section        4  rtexit2.o(.ARM.Collect$$rtexit$$00000003)
    .ARM.Collect$$rtexit$$00000004           0x080001ce   Section        6  rtexit2.o(.ARM.Collect$$rtexit$$00000004)
    .text                                    0x080001d4   Section       64  startup_stm32f10x_hd.o(.text)
    .text                                    0x08000214   Section        2  use_no_semi_2.o(.text)
    .text                                    0x08000218   Section        0  noretval__2printf.o(.text)
    .text                                    0x08000230   Section        0  __printf.o(.text)
    .text                                    0x08000298   Section        0  _printf_dec.o(.text)
    .text                                    0x08000310   Section       78  rt_memclr_w.o(.text)
    .text                                    0x0800035e   Section        0  heapauxi.o(.text)
    .text                                    0x08000364   Section        2  use_no_semi.o(.text)
    .text                                    0x08000366   Section        0  _printf_intcommon.o(.text)
    .text                                    0x08000418   Section        0  _printf_char_file.o(.text)
    .text                                    0x0800043c   Section        0  _printf_char_common.o(.text)
    _printf_input_char                       0x0800043d   Thumb Code    10  _printf_char_common.o(.text)
    .text                                    0x0800046c   Section        0  ferror.o(.text)
    .text                                    0x08000474   Section       74  sys_stackheap_outer.o(.text)
    .text                                    0x080004be   Section        0  exit.o(.text)
    .text                                    0x080004d0   Section        8  libspace.o(.text)
    i.BusFault_Handler                       0x080004d8   Section        0  stm32f10x_it.o(i.BusFault_Handler)
    i.DebugMon_Handler                       0x080004dc   Section        0  stm32f10x_it.o(i.DebugMon_Handler)
    i.EXTI15_10_IRQHandler                   0x080004e0   Section        0  encoder.o(i.EXTI15_10_IRQHandler)
    i.EXTIX_Init                             0x08000528   Section        0  encoder.o(i.EXTIX_Init)
    i.EXTI_ClearITPendingBit                 0x080005a0   Section        0  stm32f10x_exti.o(i.EXTI_ClearITPendingBit)
    i.EXTI_GetITStatus                       0x080005ac   Section        0  stm32f10x_exti.o(i.EXTI_GetITStatus)
    i.EXTI_Init                              0x080005d4   Section        0  stm32f10x_exti.o(i.EXTI_Init)
    i.GPIO_EXTILineConfig                    0x08000668   Section        0  stm32f10x_gpio.o(i.GPIO_EXTILineConfig)
    i.GPIO_Init                              0x080006a8   Section        0  stm32f10x_gpio.o(i.GPIO_Init)
    i.GPIO_PinRemapConfig                    0x080007c0   Section        0  stm32f10x_gpio.o(i.GPIO_PinRemapConfig)
    i.GPIO_SetBits                           0x08000850   Section        0  stm32f10x_gpio.o(i.GPIO_SetBits)
    i.GPIO_WriteBit                          0x08000854   Section        0  stm32f10x_gpio.o(i.GPIO_WriteBit)
    i.HardFault_Handler                      0x0800085e   Section        0  stm32f10x_it.o(i.HardFault_Handler)
    i.IIC_Ack                                0x08000864   Section        0  myiic.o(i.IIC_Ack)
    i.IIC_Init                               0x080008b4   Section        0  myiic.o(i.IIC_Init)
    i.IIC_NAck                               0x080008e8   Section        0  myiic.o(i.IIC_NAck)
    i.IIC_Read_Byte                          0x08000938   Section        0  myiic.o(i.IIC_Read_Byte)
    i.IIC_Send_Byte                          0x080009a8   Section        0  myiic.o(i.IIC_Send_Byte)
    i.IIC_Start                              0x08000a10   Section        0  myiic.o(i.IIC_Start)
    i.IIC_Stop                               0x08000a5c   Section        0  myiic.o(i.IIC_Stop)
    i.IIC_Wait_Ack                           0x08000aa8   Section        0  myiic.o(i.IIC_Wait_Ack)
    i.KEY_Init                               0x08000b0c   Section        0  key.o(i.KEY_Init)
    i.LED_Init                               0x08000b48   Section        0  led.o(i.LED_Init)
    i.MemManage_Handler                      0x08000b94   Section        0  stm32f10x_it.o(i.MemManage_Handler)
    i.NMI_Handler                            0x08000b98   Section        0  stm32f10x_it.o(i.NMI_Handler)
    i.NVIC_Init                              0x08000b9c   Section        0  misc.o(i.NVIC_Init)
    i.NVIC_PriorityGroupConfig               0x08000c0c   Section        0  misc.o(i.NVIC_PriorityGroupConfig)
    i.PendSV_Handler                         0x08000c20   Section        0  stm32f10x_it.o(i.PendSV_Handler)
    i.RCC_APB1PeriphClockCmd                 0x08000c24   Section        0  stm32f10x_rcc.o(i.RCC_APB1PeriphClockCmd)
    i.RCC_APB1PeriphResetCmd                 0x08000c44   Section        0  stm32f10x_rcc.o(i.RCC_APB1PeriphResetCmd)
    i.RCC_APB2PeriphClockCmd                 0x08000c64   Section        0  stm32f10x_rcc.o(i.RCC_APB2PeriphClockCmd)
    i.RCC_GetClocksFreq                      0x08000c84   Section        0  stm32f10x_rcc.o(i.RCC_GetClocksFreq)
    i.SVC_Handler                            0x08000d58   Section        0  stm32f10x_it.o(i.SVC_Handler)
    i.SetSysClock                            0x08000d5a   Section        0  system_stm32f10x.o(i.SetSysClock)
    SetSysClock                              0x08000d5b   Thumb Code     8  system_stm32f10x.o(i.SetSysClock)
    i.SetSysClockTo72                        0x08000d64   Section        0  system_stm32f10x.o(i.SetSysClockTo72)
    SetSysClockTo72                          0x08000d65   Thumb Code   214  system_stm32f10x.o(i.SetSysClockTo72)
    i.SysTick_CLKSourceConfig                0x08000e44   Section        0  misc.o(i.SysTick_CLKSourceConfig)
    i.SysTick_Handler                        0x08000e6c   Section        0  stm32f10x_it.o(i.SysTick_Handler)
    i.SystemInit                             0x08000e70   Section        0  system_stm32f10x.o(i.SystemInit)
    i.TIM3_IRQHandler                        0x08000ed0   Section        0  timer.o(i.TIM3_IRQHandler)
    i.TIM3_PWM_Init                          0x08000f00   Section        0  timer.o(i.TIM3_PWM_Init)
    i.TIM4_PWM_Init                          0x08000fc0   Section        0  timer.o(i.TIM4_PWM_Init)
    i.TIM5_IRQHandler                        0x0800107c   Section        0  encoder.o(i.TIM5_IRQHandler)
    i.TIM5_Int_Init                          0x0800109c   Section        0  encoder.o(i.TIM5_Int_Init)
    i.TIM_ClearITPendingBit                  0x080010fc   Section        0  stm32f10x_tim.o(i.TIM_ClearITPendingBit)
    i.TIM_Cmd                                0x08001102   Section        0  stm32f10x_tim.o(i.TIM_Cmd)
    i.TIM_GetITStatus                        0x0800111a   Section        0  stm32f10x_tim.o(i.TIM_GetITStatus)
    i.TIM_ITConfig                           0x0800113c   Section        0  stm32f10x_tim.o(i.TIM_ITConfig)
    i.TIM_OC1Init                            0x08001150   Section        0  stm32f10x_tim.o(i.TIM_OC1Init)
    i.TIM_OC1PreloadConfig                   0x080011e8   Section        0  stm32f10x_tim.o(i.TIM_OC1PreloadConfig)
    i.TIM_OC2Init                            0x080011fc   Section        0  stm32f10x_tim.o(i.TIM_OC2Init)
    i.TIM_OC2PreloadConfig                   0x080012a0   Section        0  stm32f10x_tim.o(i.TIM_OC2PreloadConfig)
    i.TIM_OC3Init                            0x080012bc   Section        0  stm32f10x_tim.o(i.TIM_OC3Init)
    i.TIM_OC3PreloadConfig                   0x0800135c   Section        0  stm32f10x_tim.o(i.TIM_OC3PreloadConfig)
    i.TIM_OC4Init                            0x08001370   Section        0  stm32f10x_tim.o(i.TIM_OC4Init)
    i.TIM_OC4PreloadConfig                   0x080013ec   Section        0  stm32f10x_tim.o(i.TIM_OC4PreloadConfig)
    i.TIM_SetCompare1                        0x08001406   Section        0  stm32f10x_tim.o(i.TIM_SetCompare1)
    i.TIM_SetCompare2                        0x0800140a   Section        0  stm32f10x_tim.o(i.TIM_SetCompare2)
    i.TIM_SetCompare3                        0x0800140e   Section        0  stm32f10x_tim.o(i.TIM_SetCompare3)
    i.TIM_SetCompare4                        0x08001412   Section        0  stm32f10x_tim.o(i.TIM_SetCompare4)
    i.TIM_TimeBaseInit                       0x08001418   Section        0  stm32f10x_tim.o(i.TIM_TimeBaseInit)
    i.USART1_IRQHandler                      0x080014bc   Section        0  usart.o(i.USART1_IRQHandler)
    i.USART2_IRQHandler                      0x080014fc   Section        0  usart.o(i.USART2_IRQHandler)
    i.USART_ClearITPendingBit                0x0800153c   Section        0  stm32f10x_usart.o(i.USART_ClearITPendingBit)
    i.USART_Cmd                              0x0800155a   Section        0  stm32f10x_usart.o(i.USART_Cmd)
    i.USART_GetITStatus                      0x08001572   Section        0  stm32f10x_usart.o(i.USART_GetITStatus)
    i.USART_ITConfig                         0x080015c6   Section        0  stm32f10x_usart.o(i.USART_ITConfig)
    i.USART_Init                             0x08001610   Section        0  stm32f10x_usart.o(i.USART_Init)
    i.USART_ReceiveData                      0x080016e8   Section        0  stm32f10x_usart.o(i.USART_ReceiveData)
    i.UsageFault_Handler                     0x080016f2   Section        0  stm32f10x_it.o(i.UsageFault_Handler)
    i._sys_exit                              0x080016f6   Section        0  usart.o(i._sys_exit)
    i.all_GPIO_DefaultInit                   0x080016fc   Section        0  led.o(i.all_GPIO_DefaultInit)
    i.all_motor                              0x08001794   Section        0  timer.o(i.all_motor)
    i.all_progress1                          0x080017c6   Section        0  step.o(i.all_progress1)
    i.all_progress2                          0x0800180c   Section        0  step.o(i.all_progress2)
    i.cmd                                    0x08001ab0   Section        0  step.o(i.cmd)
    i.cross_a_line                           0x08001da8   Section        0  patrol.o(i.cross_a_line)
    i.cross_a_line_back                      0x08001f60   Section        0  patrol.o(i.cross_a_line_back)
    i.cross_a_line_left                      0x080020e8   Section        0  patrol.o(i.cross_a_line_left)
    i.cross_jian_su_dai                      0x08002270   Section        0  patrol.o(i.cross_jian_su_dai)
    i.cross_jian_su_dai_back                 0x080023b0   Section        0  patrol.o(i.cross_jian_su_dai_back)
    i.delay_init                             0x080024f0   Section        0  delay.o(i.delay_init)
    i.delay_ms                               0x08002534   Section        0  delay.o(i.delay_ms)
    i.delay_us                               0x08002580   Section        0  delay.o(i.delay_us)
    i.fangqiu                                0x080025cc   Section        0  step.o(i.fangqiu)
    i.fangxia_duoji                          0x08002620   Section        0  step.o(i.fangxia_duoji)
    i.faqiu                                  0x08002674   Section        0  step.o(i.faqiu)
    i.faqiu_with_bianmaqi                    0x080026c0   Section        0  step.o(i.faqiu_with_bianmaqi)
    i.faqiudingwei                           0x08002760   Section        0  step.o(i.faqiudingwei)
    i.floor                                  0x08002798   Section        0  floor.o(i.floor)
    i.fputc                                  0x08002874   Section        0  usart.o(i.fputc)
    i.get_a_qiu                              0x08002890   Section        0  step.o(i.get_a_qiu)
    i.init_all                               0x08002984   Section        0  step.o(i.init_all)
    i.main                                   0x080029fc   Section        0  main.o(i.main)
    i.motor0                                 0x08002a50   Section        0  timer.o(i.motor0)
    i.motor1                                 0x08002a80   Section        0  timer.o(i.motor1)
    i.motor2                                 0x08002ab0   Section        0  timer.o(i.motor2)
    i.motor3                                 0x08002ae0   Section        0  timer.o(i.motor3)
    i.motor4                                 0x08002b10   Section        0  timer.o(i.motor4)
    i.motor_control                          0x08002b44   Section        0  encoder.o(i.motor_control)
    i.move_between_lines                     0x08002b78   Section        0  step.o(i.move_between_lines)
    i.move_left                              0x08002bac   Section        0  patrol.o(i.move_left)
    i.move_right                             0x08002bd8   Section        0  patrol.o(i.move_right)
    i.move_to_faqiu_and_back                 0x08002c04   Section        0  step.o(i.move_to_faqiu_and_back)
    i.pca_read                               0x08002c9a   Section        0  pca9685.o(i.pca_read)
    i.pca_setangle                           0x08002cd4   Section        0  step.o(i.pca_setangle)
    i.pca_setfreq                            0x08002d1c   Section        0  pca9685.o(i.pca_setfreq)
    i.pca_setpwm                             0x08002de8   Section        0  pca9685.o(i.pca_setpwm)
    i.pca_write                              0x08002e26   Section        0  pca9685.o(i.pca_write)
    i.quqiu                                  0x08002e54   Section        0  step.o(i.quqiu)
    i.quqiu_bufang                           0x08002ebc   Section        0  step.o(i.quqiu_bufang)
    i.reset_duoji                            0x08002f10   Section        0  step.o(i.reset_duoji)
    i.shengqi_duoji                          0x08002f50   Section        0  step.o(i.shengqi_duoji)
    i.shibie                                 0x08002f6c   Section        0  step.o(i.shibie)
    i.tiaozhengweizhi                        0x08002fe0   Section        0  patrol.o(i.tiaozhengweizhi)
    i.tiaozhengweizhi_zuoyou                 0x08003114   Section        0  patrol.o(i.tiaozhengweizhi_zuoyou)
    i.turn_left                              0x0800316c   Section        0  patrol.o(i.turn_left)
    i.turn_left_until_line                   0x08003198   Section        0  patrol.o(i.turn_left_until_line)
    i.turn_right                             0x080031f4   Section        0  patrol.o(i.turn_right)
    i.uart2_init                             0x08003220   Section        0  usart.o(i.uart2_init)
    i.walk_left_both_on_line                 0x080032dc   Section        0  patrol.o(i.walk_left_both_on_line)
    i.walk_left_both_on_line_and_stop_in_th_middle2 0x08003410   Section        0  patrol.o(i.walk_left_both_on_line_and_stop_in_th_middle2)
    i.walk_qianhou_back_on_line              0x08003580   Section        0  patrol.o(i.walk_qianhou_back_on_line)
    i.walk_qianhou_back_on_line_and_stop_in_the_middle 0x080036b0   Section        0  patrol.o(i.walk_qianhou_back_on_line_and_stop_in_the_middle)
    i.walk_qianhou_on_line                   0x08003808   Section        0  patrol.o(i.walk_qianhou_on_line)
    i.walk_qianhou_on_line_and_stop_in_the_middles 0x08003968   Section        0  patrol.o(i.walk_qianhou_on_line_and_stop_in_the_middles)
    i.walk_right_both_on_line                0x08003ac0   Section        0  patrol.o(i.walk_right_both_on_line)
    i.walk_right_both_on_line_and_stop_in_the_middle2 0x08003bf4   Section        0  patrol.o(i.walk_right_both_on_line_and_stop_in_the_middle2)
    x$fpl$d2f                                0x08003d64   Section       98  d2f.o(x$fpl$d2f)
    x$fpl$dadd                               0x08003dc8   Section      336  daddsub_clz.o(x$fpl$dadd)
    _dadd1                                   0x08003dd9   Thumb Code     0  daddsub_clz.o(x$fpl$dadd)
    x$fpl$dcmpinf                            0x08003f18   Section       24  dcmpi.o(x$fpl$dcmpinf)
    x$fpl$ddiv                               0x08003f30   Section      688  ddiv.o(x$fpl$ddiv)
    ddiv_entry                               0x08003f37   Thumb Code     0  ddiv.o(x$fpl$ddiv)
    x$fpl$dfixu                              0x080041e0   Section       90  dfixu.o(x$fpl$dfixu)
    x$fpl$dleqf                              0x0800423c   Section      120  dleqf.o(x$fpl$dleqf)
    x$fpl$dmul                               0x080042b4   Section      340  dmul.o(x$fpl$dmul)
    x$fpl$dnaninf                            0x08004408   Section      156  dnaninf.o(x$fpl$dnaninf)
    x$fpl$dretinf                            0x080044a4   Section       12  dretinf.o(x$fpl$dretinf)
    x$fpl$drleqf                             0x080044b0   Section      108  drleqf.o(x$fpl$drleqf)
    x$fpl$drsb                               0x0800451c   Section       22  daddsub_clz.o(x$fpl$drsb)
    x$fpl$dsub                               0x08004534   Section      468  daddsub_clz.o(x$fpl$dsub)
    _dsub1                                   0x08004545   Thumb Code     0  daddsub_clz.o(x$fpl$dsub)
    x$fpl$f2d                                0x08004708   Section       86  f2d.o(x$fpl$f2d)
    x$fpl$fnaninf                            0x0800475e   Section      140  fnaninf.o(x$fpl$fnaninf)
    x$fpl$fretinf                            0x080047ea   Section       10  fretinf.o(x$fpl$fretinf)
    x$fpl$usenofp                            0x080047f4   Section        0  usenofp.o(x$fpl$usenofp)
    .data                                    0x20000000   Section       20  system_stm32f10x.o(.data)
    .data                                    0x20000014   Section       40  encoder.o(.data)
    .data                                    0x2000003c   Section        4  delay.o(.data)
    fac_us                                   0x2000003c   Data           1  delay.o(.data)
    fac_ms                                   0x2000003e   Data           2  delay.o(.data)
    .data                                    0x20000040   Section        6  usart.o(.data)
    .data                                    0x20000046   Section       20  stm32f10x_rcc.o(.data)
    APBAHBPrescTable                         0x20000046   Data          16  stm32f10x_rcc.o(.data)
    ADCPrescTable                            0x20000056   Data           4  stm32f10x_rcc.o(.data)
    .bss                                     0x2000005c   Section      200  usart.o(.bss)
    .bss                                     0x20000124   Section       96  libspace.o(.bss)
    HEAP                                     0x20000188   Section      512  startup_stm32f10x_hd.o(HEAP)
    Heap_Mem                                 0x20000188   Data         512  startup_stm32f10x_hd.o(HEAP)
    STACK                                    0x20000388   Section     1024  startup_stm32f10x_hd.o(STACK)
    Stack_Mem                                0x20000388   Data        1024  startup_stm32f10x_hd.o(STACK)
    __initial_sp                             0x20000788   Data           0  startup_stm32f10x_hd.o(STACK)

    Global Symbols

    Symbol Name                              Value     Ov Type        Size  Object(Section)

    BuildAttributes$$THM_ISAv4$P$D$K$B$S$PE$A:L22UL41UL21$X:L11$S22US41US21$IEEE1$IW$USESV6$~STKCKD$USESV7$~SHL$OTIME$ROPI$IEEEJ$EBA8$UX$STANDARDLIB$REQ8$PRES8$EABIv2 0x00000000   Number         0  anon$$obj.o ABSOLUTE
    __ARM_use_no_argv                        0x00000000   Number         0  main.o ABSOLUTE
    __ARM_exceptions_init                     - Undefined Weak Reference
    __alloca_initialize                       - Undefined Weak Reference
    __arm_fini_                               - Undefined Weak Reference
    __arm_preinit_                            - Undefined Weak Reference
    __cpp_initialize__aeabi_                  - Undefined Weak Reference
    __cxa_finalize                            - Undefined Weak Reference
    __rt_locale                               - Undefined Weak Reference
    __sigvec_lookup                           - Undefined Weak Reference
    _atexit_init                              - Undefined Weak Reference
    _call_atexit_fns                          - Undefined Weak Reference
    _clock_init                               - Undefined Weak Reference
    _fp_trap_init                             - Undefined Weak Reference
    _fp_trap_shutdown                         - Undefined Weak Reference
    _get_lc_collate                           - Undefined Weak Reference
    _get_lc_ctype                             - Undefined Weak Reference
    _get_lc_monetary                          - Undefined Weak Reference
    _get_lc_numeric                           - Undefined Weak Reference
    _get_lc_time                              - Undefined Weak Reference
    _getenv_init                              - Undefined Weak Reference
    _handle_redirection                       - Undefined Weak Reference
    _init_alloc                               - Undefined Weak Reference
    _init_user_alloc                          - Undefined Weak Reference
    _initio                                   - Undefined Weak Reference
    _mutex_acquire                            - Undefined Weak Reference
    _mutex_release                            - Undefined Weak Reference
    _printf_post_padding                      - Undefined Weak Reference
    _printf_pre_padding                       - Undefined Weak Reference
    _printf_truncate_signed                   - Undefined Weak Reference
    _printf_truncate_unsigned                 - Undefined Weak Reference
    _rand_init                                - Undefined Weak Reference
    _signal_finish                            - Undefined Weak Reference
    _signal_init                              - Undefined Weak Reference
    _terminate_alloc                          - Undefined Weak Reference
    _terminate_user_alloc                     - Undefined Weak Reference
    _terminateio                              - Undefined Weak Reference
    __Vectors_Size                           0x00000130   Number         0  startup_stm32f10x_hd.o ABSOLUTE
    __Vectors                                0x08000000   Data           4  startup_stm32f10x_hd.o(RESET)
    __Vectors_End                            0x08000130   Data           0  startup_stm32f10x_hd.o(RESET)
    __main                                   0x08000131   Thumb Code     8  __main.o(!!!main)
    __scatterload                            0x08000139   Thumb Code     0  __scatter.o(!!!scatter)
    __scatterload_rt2                        0x08000139   Thumb Code    44  __scatter.o(!!!scatter)
    __scatterload_rt2_thumb_only             0x08000139   Thumb Code     0  __scatter.o(!!!scatter)
    __scatterload_null                       0x08000147   Thumb Code     0  __scatter.o(!!!scatter)
    __scatterload_copy                       0x0800016d   Thumb Code    26  __scatter_copy.o(!!handler_copy)
    __scatterload_zeroinit                   0x08000189   Thumb Code    28  __scatter_zi.o(!!handler_zi)
    _printf_d                                0x080001a5   Thumb Code     0  _printf_d.o(.ARM.Collect$$_printf_percent$$00000009)
    _printf_percent                          0x080001a5   Thumb Code     0  _printf_percent.o(.ARM.Collect$$_printf_percent$$00000000)
    _printf_percent_end                      0x080001ab   Thumb Code     0  _printf_percent_end.o(.ARM.Collect$$_printf_percent$$00000017)
    __rt_lib_init                            0x080001af   Thumb Code     0  libinit.o(.ARM.Collect$$libinit$$00000000)
    __rt_lib_init_alloca_1                   0x080001b1   Thumb Code     0  libinit2.o(.ARM.Collect$$libinit$$0000002E)
    __rt_lib_init_argv_1                     0x080001b1   Thumb Code     0  libinit2.o(.ARM.Collect$$libinit$$0000002C)
    __rt_lib_init_atexit_1                   0x080001b1   Thumb Code     0  libinit2.o(.ARM.Collect$$libinit$$0000001B)
    __rt_lib_init_clock_1                    0x080001b1   Thumb Code     0  libinit2.o(.ARM.Collect$$libinit$$00000021)
    __rt_lib_init_cpp_1                      0x080001b1   Thumb Code     0  libinit2.o(.ARM.Collect$$libinit$$00000032)
    __rt_lib_init_exceptions_1               0x080001b1   Thumb Code     0  libinit2.o(.ARM.Collect$$libinit$$00000030)
    __rt_lib_init_fp_1                       0x080001b1   Thumb Code     0  libinit2.o(.ARM.Collect$$libinit$$00000002)
    __rt_lib_init_fp_trap_1                  0x080001b1   Thumb Code     0  libinit2.o(.ARM.Collect$$libinit$$0000001F)
    __rt_lib_init_getenv_1                   0x080001b1   Thumb Code     0  libinit2.o(.ARM.Collect$$libinit$$00000023)
    __rt_lib_init_heap_1                     0x080001b1   Thumb Code     0  libinit2.o(.ARM.Collect$$libinit$$0000000A)
    __rt_lib_init_lc_collate_1               0x080001b1   Thumb Code     0  libinit2.o(.ARM.Collect$$libinit$$00000011)
    __rt_lib_init_lc_ctype_1                 0x080001b1   Thumb Code     0  libinit2.o(.ARM.Collect$$libinit$$00000013)
    __rt_lib_init_lc_monetary_1              0x080001b1   Thumb Code     0  libinit2.o(.ARM.Collect$$libinit$$00000015)
    __rt_lib_init_lc_numeric_1               0x080001b1   Thumb Code     0  libinit2.o(.ARM.Collect$$libinit$$00000017)
    __rt_lib_init_lc_time_1                  0x080001b1   Thumb Code     0  libinit2.o(.ARM.Collect$$libinit$$00000019)
    __rt_lib_init_preinit_1                  0x080001b1   Thumb Code     0  libinit2.o(.ARM.Collect$$libinit$$00000004)
    __rt_lib_init_rand_1                     0x080001b1   Thumb Code     0  libinit2.o(.ARM.Collect$$libinit$$0000000E)
    __rt_lib_init_return                     0x080001b1   Thumb Code     0  libinit2.o(.ARM.Collect$$libinit$$00000033)
    __rt_lib_init_signal_1                   0x080001b1   Thumb Code     0  libinit2.o(.ARM.Collect$$libinit$$0000001D)
    __rt_lib_init_stdio_1                    0x080001b1   Thumb Code     0  libinit2.o(.ARM.Collect$$libinit$$00000025)
    __rt_lib_init_user_alloc_1               0x080001b1   Thumb Code     0  libinit2.o(.ARM.Collect$$libinit$$0000000C)
    __rt_lib_shutdown                        0x080001b3   Thumb Code     0  libshutdown.o(.ARM.Collect$$libshutdown$$00000000)
    __rt_lib_shutdown_cpp_1                  0x080001b5   Thumb Code     0  libshutdown2.o(.ARM.Collect$$libshutdown$$00000004)
    __rt_lib_shutdown_fini_1                 0x080001b5   Thumb Code     0  libshutdown2.o(.ARM.Collect$$libshutdown$$00000002)
    __rt_lib_shutdown_fp_trap_1              0x080001b5   Thumb Code     0  libshutdown2.o(.ARM.Collect$$libshutdown$$00000009)
    __rt_lib_shutdown_heap_1                 0x080001b5   Thumb Code     0  libshutdown2.o(.ARM.Collect$$libshutdown$$00000011)
    __rt_lib_shutdown_return                 0x080001b5   Thumb Code     0  libshutdown2.o(.ARM.Collect$$libshutdown$$00000012)
    __rt_lib_shutdown_signal_1               0x080001b5   Thumb Code     0  libshutdown2.o(.ARM.Collect$$libshutdown$$0000000C)
    __rt_lib_shutdown_stdio_1                0x080001b5   Thumb Code     0  libshutdown2.o(.ARM.Collect$$libshutdown$$00000006)
    __rt_lib_shutdown_user_alloc_1           0x080001b5   Thumb Code     0  libshutdown2.o(.ARM.Collect$$libshutdown$$0000000E)
    __rt_entry                               0x080001b7   Thumb Code     0  __rtentry.o(.ARM.Collect$$rtentry$$00000000)
    __rt_entry_presh_1                       0x080001b7   Thumb Code     0  __rtentry2.o(.ARM.Collect$$rtentry$$00000002)
    __rt_entry_sh                            0x080001b7   Thumb Code     0  __rtentry4.o(.ARM.Collect$$rtentry$$00000004)
    __rt_entry_li                            0x080001bd   Thumb Code     0  __rtentry2.o(.ARM.Collect$$rtentry$$0000000A)
    __rt_entry_postsh_1                      0x080001bd   Thumb Code     0  __rtentry2.o(.ARM.Collect$$rtentry$$00000009)
    __rt_entry_main                          0x080001c1   Thumb Code     0  __rtentry2.o(.ARM.Collect$$rtentry$$0000000D)
    __rt_entry_postli_1                      0x080001c1   Thumb Code     0  __rtentry2.o(.ARM.Collect$$rtentry$$0000000C)
    __rt_exit                                0x080001c9   Thumb Code     0  rtexit.o(.ARM.Collect$$rtexit$$00000000)
    __rt_exit_ls                             0x080001cb   Thumb Code     0  rtexit2.o(.ARM.Collect$$rtexit$$00000003)
    __rt_exit_prels_1                        0x080001cb   Thumb Code     0  rtexit2.o(.ARM.Collect$$rtexit$$00000002)
    __rt_exit_exit                           0x080001cf   Thumb Code     0  rtexit2.o(.ARM.Collect$$rtexit$$00000004)
    Reset_Handler                            0x080001d5   Thumb Code     8  startup_stm32f10x_hd.o(.text)
    ADC1_2_IRQHandler                        0x080001ef   Thumb Code     0  startup_stm32f10x_hd.o(.text)
    ADC3_IRQHandler                          0x080001ef   Thumb Code     0  startup_stm32f10x_hd.o(.text)
    CAN1_RX1_IRQHandler                      0x080001ef   Thumb Code     0  startup_stm32f10x_hd.o(.text)
    CAN1_SCE_IRQHandler                      0x080001ef   Thumb Code     0  startup_stm32f10x_hd.o(.text)
    DMA1_Channel1_IRQHandler                 0x080001ef   Thumb Code     0  startup_stm32f10x_hd.o(.text)
    DMA1_Channel2_IRQHandler                 0x080001ef   Thumb Code     0  startup_stm32f10x_hd.o(.text)
    DMA1_Channel3_IRQHandler                 0x080001ef   Thumb Code     0  startup_stm32f10x_hd.o(.text)
    DMA1_Channel4_IRQHandler                 0x080001ef   Thumb Code     0  startup_stm32f10x_hd.o(.text)
    DMA1_Channel5_IRQHandler                 0x080001ef   Thumb Code     0  startup_stm32f10x_hd.o(.text)
    DMA1_Channel6_IRQHandler                 0x080001ef   Thumb Code     0  startup_stm32f10x_hd.o(.text)
    DMA1_Channel7_IRQHandler                 0x080001ef   Thumb Code     0  startup_stm32f10x_hd.o(.text)
    DMA2_Channel1_IRQHandler                 0x080001ef   Thumb Code     0  startup_stm32f10x_hd.o(.text)
    DMA2_Channel2_IRQHandler                 0x080001ef   Thumb Code     0  startup_stm32f10x_hd.o(.text)
    DMA2_Channel3_IRQHandler                 0x080001ef   Thumb Code     0  startup_stm32f10x_hd.o(.text)
    DMA2_Channel4_5_IRQHandler               0x080001ef   Thumb Code     0  startup_stm32f10x_hd.o(.text)
    EXTI0_IRQHandler                         0x080001ef   Thumb Code     0  startup_stm32f10x_hd.o(.text)
    EXTI1_IRQHandler                         0x080001ef   Thumb Code     0  startup_stm32f10x_hd.o(.text)
    EXTI2_IRQHandler                         0x080001ef   Thumb Code     0  startup_stm32f10x_hd.o(.text)
    EXTI3_IRQHandler                         0x080001ef   Thumb Code     0  startup_stm32f10x_hd.o(.text)
    EXTI4_IRQHandler                         0x080001ef   Thumb Code     0  startup_stm32f10x_hd.o(.text)
    EXTI9_5_IRQHandler                       0x080001ef   Thumb Code     0  startup_stm32f10x_hd.o(.text)
    FLASH_IRQHandler                         0x080001ef   Thumb Code     0  startup_stm32f10x_hd.o(.text)
    FSMC_IRQHandler                          0x080001ef   Thumb Code     0  startup_stm32f10x_hd.o(.text)
    I2C1_ER_IRQHandler                       0x080001ef   Thumb Code     0  startup_stm32f10x_hd.o(.text)
    I2C1_EV_IRQHandler                       0x080001ef   Thumb Code     0  startup_stm32f10x_hd.o(.text)
    I2C2_ER_IRQHandler                       0x080001ef   Thumb Code     0  startup_stm32f10x_hd.o(.text)
    I2C2_EV_IRQHandler                       0x080001ef   Thumb Code     0  startup_stm32f10x_hd.o(.text)
    PVD_IRQHandler                           0x080001ef   Thumb Code     0  startup_stm32f10x_hd.o(.text)
    RCC_IRQHandler                           0x080001ef   Thumb Code     0  startup_stm32f10x_hd.o(.text)
    RTCAlarm_IRQHandler                      0x080001ef   Thumb Code     0  startup_stm32f10x_hd.o(.text)
    RTC_IRQHandler                           0x080001ef   Thumb Code     0  startup_stm32f10x_hd.o(.text)
    SDIO_IRQHandler                          0x080001ef   Thumb Code     0  startup_stm32f10x_hd.o(.text)
    SPI1_IRQHandler                          0x080001ef   Thumb Code     0  startup_stm32f10x_hd.o(.text)
    SPI2_IRQHandler                          0x080001ef   Thumb Code     0  startup_stm32f10x_hd.o(.text)
    SPI3_IRQHandler                          0x080001ef   Thumb Code     0  startup_stm32f10x_hd.o(.text)
    TAMPER_IRQHandler                        0x080001ef   Thumb Code     0  startup_stm32f10x_hd.o(.text)
    TIM1_BRK_IRQHandler                      0x080001ef   Thumb Code     0  startup_stm32f10x_hd.o(.text)
    TIM1_CC_IRQHandler                       0x080001ef   Thumb Code     0  startup_stm32f10x_hd.o(.text)
    TIM1_TRG_COM_IRQHandler                  0x080001ef   Thumb Code     0  startup_stm32f10x_hd.o(.text)
    TIM1_UP_IRQHandler                       0x080001ef   Thumb Code     0  startup_stm32f10x_hd.o(.text)
    TIM2_IRQHandler                          0x080001ef   Thumb Code     0  startup_stm32f10x_hd.o(.text)
    TIM4_IRQHandler                          0x080001ef   Thumb Code     0  startup_stm32f10x_hd.o(.text)
    TIM6_IRQHandler                          0x080001ef   Thumb Code     0  startup_stm32f10x_hd.o(.text)
    TIM7_IRQHandler                          0x080001ef   Thumb Code     0  startup_stm32f10x_hd.o(.text)
    TIM8_BRK_IRQHandler                      0x080001ef   Thumb Code     0  startup_stm32f10x_hd.o(.text)
    TIM8_CC_IRQHandler                       0x080001ef   Thumb Code     0  startup_stm32f10x_hd.o(.text)
    TIM8_TRG_COM_IRQHandler                  0x080001ef   Thumb Code     0  startup_stm32f10x_hd.o(.text)
    TIM8_UP_IRQHandler                       0x080001ef   Thumb Code     0  startup_stm32f10x_hd.o(.text)
    UART4_IRQHandler                         0x080001ef   Thumb Code     0  startup_stm32f10x_hd.o(.text)
    UART5_IRQHandler                         0x080001ef   Thumb Code     0  startup_stm32f10x_hd.o(.text)
    USART3_IRQHandler                        0x080001ef   Thumb Code     0  startup_stm32f10x_hd.o(.text)
    USBWakeUp_IRQHandler                     0x080001ef   Thumb Code     0  startup_stm32f10x_hd.o(.text)
    USB_HP_CAN1_TX_IRQHandler                0x080001ef   Thumb Code     0  startup_stm32f10x_hd.o(.text)
    USB_LP_CAN1_RX0_IRQHandler               0x080001ef   Thumb Code     0  startup_stm32f10x_hd.o(.text)
    WWDG_IRQHandler                          0x080001ef   Thumb Code     0  startup_stm32f10x_hd.o(.text)
    __user_initial_stackheap                 0x080001f1   Thumb Code     0  startup_stm32f10x_hd.o(.text)
    __use_no_semihosting                     0x08000215   Thumb Code     2  use_no_semi_2.o(.text)
    __2printf                                0x08000219   Thumb Code    20  noretval__2printf.o(.text)
    __printf                                 0x08000231   Thumb Code   104  __printf.o(.text)
    _printf_int_dec                          0x08000299   Thumb Code   104  _printf_dec.o(.text)
    __aeabi_memclr4                          0x08000311   Thumb Code     0  rt_memclr_w.o(.text)
    __aeabi_memclr8                          0x08000311   Thumb Code     0  rt_memclr_w.o(.text)
    __rt_memclr_w                            0x08000311   Thumb Code    78  rt_memclr_w.o(.text)
    _memset_w                                0x08000315   Thumb Code     0  rt_memclr_w.o(.text)
    __use_two_region_memory                  0x0800035f   Thumb Code     2  heapauxi.o(.text)
    __rt_heap_escrow$2region                 0x08000361   Thumb Code     2  heapauxi.o(.text)
    __rt_heap_expand$2region                 0x08000363   Thumb Code     2  heapauxi.o(.text)
    __I$use$semihosting                      0x08000365   Thumb Code     0  use_no_semi.o(.text)
    __use_no_semihosting_swi                 0x08000365   Thumb Code     2  use_no_semi.o(.text)
    _printf_int_common                       0x08000367   Thumb Code   178  _printf_intcommon.o(.text)
    _printf_char_file                        0x08000419   Thumb Code    32  _printf_char_file.o(.text)
    _printf_char_common                      0x08000447   Thumb Code    32  _printf_char_common.o(.text)
    ferror                                   0x0800046d   Thumb Code     8  ferror.o(.text)
    __user_setup_stackheap                   0x08000475   Thumb Code    74  sys_stackheap_outer.o(.text)
    exit                                     0x080004bf   Thumb Code    18  exit.o(.text)
    __user_libspace                          0x080004d1   Thumb Code     8  libspace.o(.text)
    __user_perproc_libspace                  0x080004d1   Thumb Code     0  libspace.o(.text)
    __user_perthread_libspace                0x080004d1   Thumb Code     0  libspace.o(.text)
    BusFault_Handler                         0x080004d9   Thumb Code     4  stm32f10x_it.o(i.BusFault_Handler)
    DebugMon_Handler                         0x080004dd   Thumb Code     2  stm32f10x_it.o(i.DebugMon_Handler)
    EXTI15_10_IRQHandler                     0x080004e1   Thumb Code    58  encoder.o(i.EXTI15_10_IRQHandler)
    EXTIX_Init                               0x08000529   Thumb Code   116  encoder.o(i.EXTIX_Init)
    EXTI_ClearITPendingBit                   0x080005a1   Thumb Code     6  stm32f10x_exti.o(i.EXTI_ClearITPendingBit)
    EXTI_GetITStatus                         0x080005ad   Thumb Code    34  stm32f10x_exti.o(i.EXTI_GetITStatus)
    EXTI_Init                                0x080005d5   Thumb Code   142  stm32f10x_exti.o(i.EXTI_Init)
    GPIO_EXTILineConfig                      0x08000669   Thumb Code    60  stm32f10x_gpio.o(i.GPIO_EXTILineConfig)
    GPIO_Init                                0x080006a9   Thumb Code   278  stm32f10x_gpio.o(i.GPIO_Init)
    GPIO_PinRemapConfig                      0x080007c1   Thumb Code   138  stm32f10x_gpio.o(i.GPIO_PinRemapConfig)
    GPIO_SetBits                             0x08000851   Thumb Code     4  stm32f10x_gpio.o(i.GPIO_SetBits)
    GPIO_WriteBit                            0x08000855   Thumb Code    10  stm32f10x_gpio.o(i.GPIO_WriteBit)
    HardFault_Handler                        0x0800085f   Thumb Code     4  stm32f10x_it.o(i.HardFault_Handler)
    IIC_Ack                                  0x08000865   Thumb Code    66  myiic.o(i.IIC_Ack)
    IIC_Init                                 0x080008b5   Thumb Code    46  myiic.o(i.IIC_Init)
    IIC_NAck                                 0x080008e9   Thumb Code    66  myiic.o(i.IIC_NAck)
    IIC_Read_Byte                            0x08000939   Thumb Code    98  myiic.o(i.IIC_Read_Byte)
    IIC_Send_Byte                            0x080009a9   Thumb Code    90  myiic.o(i.IIC_Send_Byte)
    IIC_Start                                0x08000a11   Thumb Code    64  myiic.o(i.IIC_Start)
    IIC_Stop                                 0x08000a5d   Thumb Code    62  myiic.o(i.IIC_Stop)
    IIC_Wait_Ack                             0x08000aa9   Thumb Code    86  myiic.o(i.IIC_Wait_Ack)
    KEY_Init                                 0x08000b0d   Thumb Code    52  key.o(i.KEY_Init)
    LED_Init                                 0x08000b49   Thumb Code    68  led.o(i.LED_Init)
    MemManage_Handler                        0x08000b95   Thumb Code     4  stm32f10x_it.o(i.MemManage_Handler)
    NMI_Handler                              0x08000b99   Thumb Code     2  stm32f10x_it.o(i.NMI_Handler)
    NVIC_Init                                0x08000b9d   Thumb Code   100  misc.o(i.NVIC_Init)
    NVIC_PriorityGroupConfig                 0x08000c0d   Thumb Code    10  misc.o(i.NVIC_PriorityGroupConfig)
    PendSV_Handler                           0x08000c21   Thumb Code     2  stm32f10x_it.o(i.PendSV_Handler)
    RCC_APB1PeriphClockCmd                   0x08000c25   Thumb Code    26  stm32f10x_rcc.o(i.RCC_APB1PeriphClockCmd)
    RCC_APB1PeriphResetCmd                   0x08000c45   Thumb Code    26  stm32f10x_rcc.o(i.RCC_APB1PeriphResetCmd)
    RCC_APB2PeriphClockCmd                   0x08000c65   Thumb Code    26  stm32f10x_rcc.o(i.RCC_APB2PeriphClockCmd)
    RCC_GetClocksFreq                        0x08000c85   Thumb Code   192  stm32f10x_rcc.o(i.RCC_GetClocksFreq)
    SVC_Handler                              0x08000d59   Thumb Code     2  stm32f10x_it.o(i.SVC_Handler)
    SysTick_CLKSourceConfig                  0x08000e45   Thumb Code    40  misc.o(i.SysTick_CLKSourceConfig)
    SysTick_Handler                          0x08000e6d   Thumb Code     2  stm32f10x_it.o(i.SysTick_Handler)
    SystemInit                               0x08000e71   Thumb Code    78  system_stm32f10x.o(i.SystemInit)
    TIM3_IRQHandler                          0x08000ed1   Thumb Code    38  timer.o(i.TIM3_IRQHandler)
    TIM3_PWM_Init                            0x08000f01   Thumb Code   178  timer.o(i.TIM3_PWM_Init)
    TIM4_PWM_Init                            0x08000fc1   Thumb Code   180  timer.o(i.TIM4_PWM_Init)
    TIM5_IRQHandler                          0x0800107d   Thumb Code    26  encoder.o(i.TIM5_IRQHandler)
    TIM5_Int_Init                            0x0800109d   Thumb Code    90  encoder.o(i.TIM5_Int_Init)
    TIM_ClearITPendingBit                    0x080010fd   Thumb Code     6  stm32f10x_tim.o(i.TIM_ClearITPendingBit)
    TIM_Cmd                                  0x08001103   Thumb Code    24  stm32f10x_tim.o(i.TIM_Cmd)
    TIM_GetITStatus                          0x0800111b   Thumb Code    34  stm32f10x_tim.o(i.TIM_GetITStatus)
    TIM_ITConfig                             0x0800113d   Thumb Code    18  stm32f10x_tim.o(i.TIM_ITConfig)
    TIM_OC1Init                              0x08001151   Thumb Code   132  stm32f10x_tim.o(i.TIM_OC1Init)
    TIM_OC1PreloadConfig                     0x080011e9   Thumb Code    18  stm32f10x_tim.o(i.TIM_OC1PreloadConfig)
    TIM_OC2Init                              0x080011fd   Thumb Code   154  stm32f10x_tim.o(i.TIM_OC2Init)
    TIM_OC2PreloadConfig                     0x080012a1   Thumb Code    26  stm32f10x_tim.o(i.TIM_OC2PreloadConfig)
    TIM_OC3Init                              0x080012bd   Thumb Code   150  stm32f10x_tim.o(i.TIM_OC3Init)
    TIM_OC3PreloadConfig                     0x0800135d   Thumb Code    18  stm32f10x_tim.o(i.TIM_OC3PreloadConfig)
    TIM_OC4Init                              0x08001371   Thumb Code   114  stm32f10x_tim.o(i.TIM_OC4Init)
    TIM_OC4PreloadConfig                     0x080013ed   Thumb Code    26  stm32f10x_tim.o(i.TIM_OC4PreloadConfig)
    TIM_SetCompare1                          0x08001407   Thumb Code     4  stm32f10x_tim.o(i.TIM_SetCompare1)
    TIM_SetCompare2                          0x0800140b   Thumb Code     4  stm32f10x_tim.o(i.TIM_SetCompare2)
    TIM_SetCompare3                          0x0800140f   Thumb Code     4  stm32f10x_tim.o(i.TIM_SetCompare3)
    TIM_SetCompare4                          0x08001413   Thumb Code     6  stm32f10x_tim.o(i.TIM_SetCompare4)
    TIM_TimeBaseInit                         0x08001419   Thumb Code   122  stm32f10x_tim.o(i.TIM_TimeBaseInit)
    USART1_IRQHandler                        0x080014bd   Thumb Code    52  usart.o(i.USART1_IRQHandler)
    USART2_IRQHandler                        0x080014fd   Thumb Code    52  usart.o(i.USART2_IRQHandler)
    USART_ClearITPendingBit                  0x0800153d   Thumb Code    30  stm32f10x_usart.o(i.USART_ClearITPendingBit)
    USART_Cmd                                0x0800155b   Thumb Code    24  stm32f10x_usart.o(i.USART_Cmd)
    USART_GetITStatus                        0x08001573   Thumb Code    84  stm32f10x_usart.o(i.USART_GetITStatus)
    USART_ITConfig                           0x080015c7   Thumb Code    74  stm32f10x_usart.o(i.USART_ITConfig)
    USART_Init                               0x08001611   Thumb Code   210  stm32f10x_usart.o(i.USART_Init)
    USART_ReceiveData                        0x080016e9   Thumb Code    10  stm32f10x_usart.o(i.USART_ReceiveData)
    UsageFault_Handler                       0x080016f3   Thumb Code     4  stm32f10x_it.o(i.UsageFault_Handler)
    _sys_exit                                0x080016f7   Thumb Code     4  usart.o(i._sys_exit)
    all_GPIO_DefaultInit                     0x080016fd   Thumb Code   124  led.o(i.all_GPIO_DefaultInit)
    all_motor                                0x08001795   Thumb Code    50  timer.o(i.all_motor)
    all_progress1                            0x080017c7   Thumb Code    70  step.o(i.all_progress1)
    all_progress2                            0x0800180d   Thumb Code   662  step.o(i.all_progress2)
    cmd                                      0x08001ab1   Thumb Code   658  step.o(i.cmd)
    cross_a_line                             0x08001da9   Thumb Code   430  patrol.o(i.cross_a_line)
    cross_a_line_back                        0x08001f61   Thumb Code   382  patrol.o(i.cross_a_line_back)
    cross_a_line_left                        0x080020e9   Thumb Code   382  patrol.o(i.cross_a_line_left)
    cross_jian_su_dai                        0x08002271   Thumb Code   310  patrol.o(i.cross_jian_su_dai)
    cross_jian_su_dai_back                   0x080023b1   Thumb Code   310  patrol.o(i.cross_jian_su_dai_back)
    delay_init                               0x080024f1   Thumb Code    50  delay.o(i.delay_init)
    delay_ms                                 0x08002535   Thumb Code    72  delay.o(i.delay_ms)
    delay_us                                 0x08002581   Thumb Code    72  delay.o(i.delay_us)
    fangqiu                                  0x080025cd   Thumb Code    60  step.o(i.fangqiu)
    fangxia_duoji                            0x08002621   Thumb Code    62  step.o(i.fangxia_duoji)
    faqiu                                    0x08002675   Thumb Code    72  step.o(i.faqiu)
    faqiu_with_bianmaqi                      0x080026c1   Thumb Code   142  step.o(i.faqiu_with_bianmaqi)
    faqiudingwei                             0x08002761   Thumb Code    54  step.o(i.faqiudingwei)
    floor                                    0x08002799   Thumb Code   204  floor.o(i.floor)
    fputc                                    0x08002875   Thumb Code    24  usart.o(i.fputc)
    get_a_qiu                                0x08002891   Thumb Code   244  step.o(i.get_a_qiu)
    init_all                                 0x08002985   Thumb Code   112  step.o(i.init_all)
    main                                     0x080029fd   Thumb Code    74  main.o(i.main)
    motor0                                   0x08002a51   Thumb Code    38  timer.o(i.motor0)
    motor1                                   0x08002a81   Thumb Code    38  timer.o(i.motor1)
    motor2                                   0x08002ab1   Thumb Code    38  timer.o(i.motor2)
    motor3                                   0x08002ae1   Thumb Code    38  timer.o(i.motor3)
    motor4                                   0x08002b11   Thumb Code    42  timer.o(i.motor4)
    motor_control                            0x08002b45   Thumb Code    34  encoder.o(i.motor_control)
    move_between_lines                       0x08002b79   Thumb Code    52  step.o(i.move_between_lines)
    move_left                                0x08002bad   Thumb Code    44  patrol.o(i.move_left)
    move_right                               0x08002bd9   Thumb Code    44  patrol.o(i.move_right)
    move_to_faqiu_and_back                   0x08002c05   Thumb Code   150  step.o(i.move_to_faqiu_and_back)
    pca_read                                 0x08002c9b   Thumb Code    58  pca9685.o(i.pca_read)
    pca_setangle                             0x08002cd5   Thumb Code    58  step.o(i.pca_setangle)
    pca_setfreq                              0x08002d1d   Thumb Code   180  pca9685.o(i.pca_setfreq)
    pca_setpwm                               0x08002de9   Thumb Code    62  pca9685.o(i.pca_setpwm)
    pca_write                                0x08002e27   Thumb Code    46  pca9685.o(i.pca_write)
    quqiu                                    0x08002e55   Thumb Code   100  step.o(i.quqiu)
    quqiu_bufang                             0x08002ebd   Thumb Code    78  step.o(i.quqiu_bufang)
    reset_duoji                              0x08002f11   Thumb Code    54  step.o(i.reset_duoji)
    shengqi_duoji                            0x08002f51   Thumb Code    20  step.o(i.shengqi_duoji)
    shibie                                   0x08002f6d   Thumb Code   104  step.o(i.shibie)
    tiaozhengweizhi                          0x08002fe1   Thumb Code   298  patrol.o(i.tiaozhengweizhi)
    tiaozhengweizhi_zuoyou                   0x08003115   Thumb Code    84  patrol.o(i.tiaozhengweizhi_zuoyou)
    turn_left                                0x0800316d   Thumb Code    44  patrol.o(i.turn_left)
    turn_left_until_line                     0x08003199   Thumb Code    88  patrol.o(i.turn_left_until_line)
    turn_right                               0x080031f5   Thumb Code    44  patrol.o(i.turn_right)
    uart2_init                               0x08003221   Thumb Code   180  usart.o(i.uart2_init)
    walk_left_both_on_line                   0x080032dd   Thumb Code   298  patrol.o(i.walk_left_both_on_line)
    walk_left_both_on_line_and_stop_in_th_middle2 0x08003411   Thumb Code   360  patrol.o(i.walk_left_both_on_line_and_stop_in_th_middle2)
    walk_qianhou_back_on_line                0x08003581   Thumb Code   296  patrol.o(i.walk_qianhou_back_on_line)
    walk_qianhou_back_on_line_and_stop_in_the_middle 0x080036b1   Thumb Code   336  patrol.o(i.walk_qianhou_back_on_line_and_stop_in_the_middle)
    walk_qianhou_on_line                     0x08003809   Thumb Code   342  patrol.o(i.walk_qianhou_on_line)
    walk_qianhou_on_line_and_stop_in_the_middles 0x08003969   Thumb Code   336  patrol.o(i.walk_qianhou_on_line_and_stop_in_the_middles)
    walk_right_both_on_line                  0x08003ac1   Thumb Code   298  patrol.o(i.walk_right_both_on_line)
    walk_right_both_on_line_and_stop_in_the_middle2 0x08003bf5   Thumb Code   360  patrol.o(i.walk_right_both_on_line_and_stop_in_the_middle2)
    __aeabi_d2f                              0x08003d65   Thumb Code     0  d2f.o(x$fpl$d2f)
    _d2f                                     0x08003d65   Thumb Code    98  d2f.o(x$fpl$d2f)
    __aeabi_dadd                             0x08003dc9   Thumb Code     0  daddsub_clz.o(x$fpl$dadd)
    _dadd                                    0x08003dc9   Thumb Code   332  daddsub_clz.o(x$fpl$dadd)
    __fpl_dcmp_Inf                           0x08003f19   Thumb Code    24  dcmpi.o(x$fpl$dcmpinf)
    __aeabi_ddiv                             0x08003f31   Thumb Code     0  ddiv.o(x$fpl$ddiv)
    _ddiv                                    0x08003f31   Thumb Code   552  ddiv.o(x$fpl$ddiv)
    __aeabi_d2uiz                            0x080041e1   Thumb Code     0  dfixu.o(x$fpl$dfixu)
    _dfixu                                   0x080041e1   Thumb Code    90  dfixu.o(x$fpl$dfixu)
    __aeabi_cdcmple                          0x0800423d   Thumb Code     0  dleqf.o(x$fpl$dleqf)
    _dcmple                                  0x0800423d   Thumb Code   120  dleqf.o(x$fpl$dleqf)
    __fpl_dcmple_InfNaN                      0x0800429f   Thumb Code     0  dleqf.o(x$fpl$dleqf)
    __aeabi_dmul                             0x080042b5   Thumb Code     0  dmul.o(x$fpl$dmul)
    _dmul                                    0x080042b5   Thumb Code   332  dmul.o(x$fpl$dmul)
    __fpl_dnaninf                            0x08004409   Thumb Code   156  dnaninf.o(x$fpl$dnaninf)
    __fpl_dretinf                            0x080044a5   Thumb Code    12  dretinf.o(x$fpl$dretinf)
    __aeabi_cdrcmple                         0x080044b1   Thumb Code     0  drleqf.o(x$fpl$drleqf)
    _drcmple                                 0x080044b1   Thumb Code   108  drleqf.o(x$fpl$drleqf)
    __aeabi_drsub                            0x0800451d   Thumb Code     0  daddsub_clz.o(x$fpl$drsb)
    _drsb                                    0x0800451d   Thumb Code    22  daddsub_clz.o(x$fpl$drsb)
    __aeabi_dsub                             0x08004535   Thumb Code     0  daddsub_clz.o(x$fpl$dsub)
    _dsub                                    0x08004535   Thumb Code   464  daddsub_clz.o(x$fpl$dsub)
    __aeabi_f2d                              0x08004709   Thumb Code     0  f2d.o(x$fpl$f2d)
    _f2d                                     0x08004709   Thumb Code    86  f2d.o(x$fpl$f2d)
    __fpl_fnaninf                            0x0800475f   Thumb Code   140  fnaninf.o(x$fpl$fnaninf)
    __fpl_fretinf                            0x080047eb   Thumb Code    10  fretinf.o(x$fpl$fretinf)
    Region$$Table$$Base                      0x080047f4   Number         0  anon$$obj.o(Region$$Table)
    __I$use$fp                               0x080047f4   Number         0  usenofp.o(x$fpl$usenofp)
    Region$$Table$$Limit                     0x08004814   Number         0  anon$$obj.o(Region$$Table)
    SystemCoreClock                          0x20000000   Data           4  system_stm32f10x.o(.data)
    AHBPrescTable                            0x20000004   Data          16  system_stm32f10x.o(.data)
    encoder_num0                             0x20000014   Data           4  encoder.o(.data)
    motor_speed0                             0x20000018   Data           4  encoder.o(.data)
    last_encoder_num0                        0x2000001c   Data           4  encoder.o(.data)
    encoder_num1                             0x20000020   Data           4  encoder.o(.data)
    motor_speed1                             0x20000024   Data           4  encoder.o(.data)
    last_encoder_num1                        0x20000028   Data           4  encoder.o(.data)
    encoder_num2                             0x2000002c   Data           4  encoder.o(.data)
    motor_speed2                             0x20000030   Data           4  encoder.o(.data)
    last_encoder_num2                        0x20000034   Data           4  encoder.o(.data)
    all_time                                 0x20000038   Data           4  encoder.o(.data)
    __stdout                                 0x20000040   Data           4  usart.o(.data)
    USART_RX_STA                             0x20000044   Data           2  usart.o(.data)
    USART_RX_BUF                             0x2000005c   Data         200  usart.o(.bss)
    __libspace_start                         0x20000124   Data          96  libspace.o(.bss)
    __temporary_stack_top$libspace           0x20000184   Data           0  libspace.o(.bss)



==============================================================================

Memory Map of the image

  Image Entry point : 0x08000131

  Load Region LR_IROM1 (Base: 0x08000000, Size: 0x00004870, Max: 0x00080000, ABSOLUTE)

    Execution Region ER_IROM1 (Exec base: 0x08000000, Load base: 0x08000000, Size: 0x00004814, Max: 0x00080000, ABSOLUTE)

    Exec Addr    Load Addr    Size         Type   Attr      Idx    E Section Name        Object

    0x08000000   0x08000000   0x00000130   Data   RO          886    RESET               startup_stm32f10x_hd.o
    0x08000130   0x08000130   0x00000008   Code   RO         2265  * !!!main             c_w.l(__main.o)
    0x08000138   0x08000138   0x00000034   Code   RO         2480    !!!scatter          c_w.l(__scatter.o)
    0x0800016c   0x0800016c   0x0000001a   Code   RO         2482    !!handler_copy      c_w.l(__scatter_copy.o)
    0x08000186   0x08000186   0x00000002   PAD
    0x08000188   0x08000188   0x0000001c   Code   RO         2484    !!handler_zi        c_w.l(__scatter_zi.o)
    0x080001a4   0x080001a4   0x00000000   Code   RO         2260    .ARM.Collect$$_printf_percent$$00000000  c_w.l(_printf_percent.o)
    0x080001a4   0x080001a4   0x00000006   Code   RO         2259    .ARM.Collect$$_printf_percent$$00000009  c_w.l(_printf_d.o)
    0x080001aa   0x080001aa   0x00000004   Code   RO         2304    .ARM.Collect$$_printf_percent$$00000017  c_w.l(_printf_percent_end.o)
    0x080001ae   0x080001ae   0x00000002   Code   RO         2350    .ARM.Collect$$libinit$$00000000  c_w.l(libinit.o)
    0x080001b0   0x080001b0   0x00000000   Code   RO         2359    .ARM.Collect$$libinit$$00000002  c_w.l(libinit2.o)
    0x080001b0   0x080001b0   0x00000000   Code   RO         2361    .ARM.Collect$$libinit$$00000004  c_w.l(libinit2.o)
    0x080001b0   0x080001b0   0x00000000   Code   RO         2364    .ARM.Collect$$libinit$$0000000A  c_w.l(libinit2.o)
    0x080001b0   0x080001b0   0x00000000   Code   RO         2366    .ARM.Collect$$libinit$$0000000C  c_w.l(libinit2.o)
    0x080001b0   0x080001b0   0x00000000   Code   RO         2368    .ARM.Collect$$libinit$$0000000E  c_w.l(libinit2.o)
    0x080001b0   0x080001b0   0x00000000   Code   RO         2371    .ARM.Collect$$libinit$$00000011  c_w.l(libinit2.o)
    0x080001b0   0x080001b0   0x00000000   Code   RO         2373    .ARM.Collect$$libinit$$00000013  c_w.l(libinit2.o)
    0x080001b0   0x080001b0   0x00000000   Code   RO         2375    .ARM.Collect$$libinit$$00000015  c_w.l(libinit2.o)
    0x080001b0   0x080001b0   0x00000000   Code   RO         2377    .ARM.Collect$$libinit$$00000017  c_w.l(libinit2.o)
    0x080001b0   0x080001b0   0x00000000   Code   RO         2379    .ARM.Collect$$libinit$$00000019  c_w.l(libinit2.o)
    0x080001b0   0x080001b0   0x00000000   Code   RO         2381    .ARM.Collect$$libinit$$0000001B  c_w.l(libinit2.o)
    0x080001b0   0x080001b0   0x00000000   Code   RO         2383    .ARM.Collect$$libinit$$0000001D  c_w.l(libinit2.o)
    0x080001b0   0x080001b0   0x00000000   Code   RO         2385    .ARM.Collect$$libinit$$0000001F  c_w.l(libinit2.o)
    0x080001b0   0x080001b0   0x00000000   Code   RO         2387    .ARM.Collect$$libinit$$00000021  c_w.l(libinit2.o)
    0x080001b0   0x080001b0   0x00000000   Code   RO         2389    .ARM.Collect$$libinit$$00000023  c_w.l(libinit2.o)
    0x080001b0   0x080001b0   0x00000000   Code   RO         2391    .ARM.Collect$$libinit$$00000025  c_w.l(libinit2.o)
    0x080001b0   0x080001b0   0x00000000   Code   RO         2395    .ARM.Collect$$libinit$$0000002C  c_w.l(libinit2.o)
    0x080001b0   0x080001b0   0x00000000   Code   RO         2397    .ARM.Collect$$libinit$$0000002E  c_w.l(libinit2.o)
    0x080001b0   0x080001b0   0x00000000   Code   RO         2399    .ARM.Collect$$libinit$$00000030  c_w.l(libinit2.o)
    0x080001b0   0x080001b0   0x00000000   Code   RO         2401    .ARM.Collect$$libinit$$00000032  c_w.l(libinit2.o)
    0x080001b0   0x080001b0   0x00000002   Code   RO         2402    .ARM.Collect$$libinit$$00000033  c_w.l(libinit2.o)
    0x080001b2   0x080001b2   0x00000002   Code   RO         2420    .ARM.Collect$$libshutdown$$00000000  c_w.l(libshutdown.o)
    0x080001b4   0x080001b4   0x00000000   Code   RO         2430    .ARM.Collect$$libshutdown$$00000002  c_w.l(libshutdown2.o)
    0x080001b4   0x080001b4   0x00000000   Code   RO         2432    .ARM.Collect$$libshutdown$$00000004  c_w.l(libshutdown2.o)
    0x080001b4   0x080001b4   0x00000000   Code   RO         2434    .ARM.Collect$$libshutdown$$00000006  c_w.l(libshutdown2.o)
    0x080001b4   0x080001b4   0x00000000   Code   RO         2437    .ARM.Collect$$libshutdown$$00000009  c_w.l(libshutdown2.o)
    0x080001b4   0x080001b4   0x00000000   Code   RO         2440    .ARM.Collect$$libshutdown$$0000000C  c_w.l(libshutdown2.o)
    0x080001b4   0x080001b4   0x00000000   Code   RO         2442    .ARM.Collect$$libshutdown$$0000000E  c_w.l(libshutdown2.o)
    0x080001b4   0x080001b4   0x00000000   Code   RO         2445    .ARM.Collect$$libshutdown$$00000011  c_w.l(libshutdown2.o)
    0x080001b4   0x080001b4   0x00000002   Code   RO         2446    .ARM.Collect$$libshutdown$$00000012  c_w.l(libshutdown2.o)
    0x080001b6   0x080001b6   0x00000000   Code   RO         2299    .ARM.Collect$$rtentry$$00000000  c_w.l(__rtentry.o)
    0x080001b6   0x080001b6   0x00000000   Code   RO         2317    .ARM.Collect$$rtentry$$00000002  c_w.l(__rtentry2.o)
    0x080001b6   0x080001b6   0x00000006   Code   RO         2329    .ARM.Collect$$rtentry$$00000004  c_w.l(__rtentry4.o)
    0x080001bc   0x080001bc   0x00000000   Code   RO         2319    .ARM.Collect$$rtentry$$00000009  c_w.l(__rtentry2.o)
    0x080001bc   0x080001bc   0x00000004   Code   RO         2320    .ARM.Collect$$rtentry$$0000000A  c_w.l(__rtentry2.o)
    0x080001c0   0x080001c0   0x00000000   Code   RO         2322    .ARM.Collect$$rtentry$$0000000C  c_w.l(__rtentry2.o)
    0x080001c0   0x080001c0   0x00000008   Code   RO         2323    .ARM.Collect$$rtentry$$0000000D  c_w.l(__rtentry2.o)
    0x080001c8   0x080001c8   0x00000002   Code   RO         2356    .ARM.Collect$$rtexit$$00000000  c_w.l(rtexit.o)
    0x080001ca   0x080001ca   0x00000000   Code   RO         2404    .ARM.Collect$$rtexit$$00000002  c_w.l(rtexit2.o)
    0x080001ca   0x080001ca   0x00000004   Code   RO         2405    .ARM.Collect$$rtexit$$00000003  c_w.l(rtexit2.o)
    0x080001ce   0x080001ce   0x00000006   Code   RO         2406    .ARM.Collect$$rtexit$$00000004  c_w.l(rtexit2.o)
    0x080001d4   0x080001d4   0x00000040   Code   RO          887    .text               startup_stm32f10x_hd.o
    0x08000214   0x08000214   0x00000002   Code   RO         2229    .text               c_w.l(use_no_semi_2.o)
    0x08000216   0x08000216   0x00000002   PAD
    0x08000218   0x08000218   0x00000018   Code   RO         2233    .text               c_w.l(noretval__2printf.o)
    0x08000230   0x08000230   0x00000068   Code   RO         2235    .text               c_w.l(__printf.o)
    0x08000298   0x08000298   0x00000078   Code   RO         2237    .text               c_w.l(_printf_dec.o)
    0x08000310   0x08000310   0x0000004e   Code   RO         2261    .text               c_w.l(rt_memclr_w.o)
    0x0800035e   0x0800035e   0x00000006   Code   RO         2263    .text               c_w.l(heapauxi.o)
    0x08000364   0x08000364   0x00000002   Code   RO         2297    .text               c_w.l(use_no_semi.o)
    0x08000366   0x08000366   0x000000b2   Code   RO         2300    .text               c_w.l(_printf_intcommon.o)
    0x08000418   0x08000418   0x00000024   Code   RO         2302    .text               c_w.l(_printf_char_file.o)
    0x0800043c   0x0800043c   0x00000030   Code   RO         2331    .text               c_w.l(_printf_char_common.o)
    0x0800046c   0x0800046c   0x00000008   Code   RO         2333    .text               c_w.l(ferror.o)
    0x08000474   0x08000474   0x0000004a   Code   RO         2339    .text               c_w.l(sys_stackheap_outer.o)
    0x080004be   0x080004be   0x00000012   Code   RO         2343    .text               c_w.l(exit.o)
    0x080004d0   0x080004d0   0x00000008   Code   RO         2353    .text               c_w.l(libspace.o)
    0x080004d8   0x080004d8   0x00000004   Code   RO          140    i.BusFault_Handler  stm32f10x_it.o
    0x080004dc   0x080004dc   0x00000002   Code   RO          141    i.DebugMon_Handler  stm32f10x_it.o
    0x080004de   0x080004de   0x00000002   PAD
    0x080004e0   0x080004e0   0x00000048   Code   RO          592    i.EXTI15_10_IRQHandler  encoder.o
    0x08000528   0x08000528   0x00000078   Code   RO          593    i.EXTIX_Init        encoder.o
    0x080005a0   0x080005a0   0x0000000c   Code   RO         2174    i.EXTI_ClearITPendingBit  stm32f10x_exti.o
    0x080005ac   0x080005ac   0x00000028   Code   RO         2178    i.EXTI_GetITStatus  stm32f10x_exti.o
    0x080005d4   0x080005d4   0x00000094   Code   RO         2179    i.EXTI_Init         stm32f10x_exti.o
    0x08000668   0x08000668   0x00000040   Code   RO          930    i.GPIO_EXTILineConfig  stm32f10x_gpio.o
    0x080006a8   0x080006a8   0x00000116   Code   RO          933    i.GPIO_Init         stm32f10x_gpio.o
    0x080007be   0x080007be   0x00000002   PAD
    0x080007c0   0x080007c0   0x00000090   Code   RO          935    i.GPIO_PinRemapConfig  stm32f10x_gpio.o
    0x08000850   0x08000850   0x00000004   Code   RO          941    i.GPIO_SetBits      stm32f10x_gpio.o
    0x08000854   0x08000854   0x0000000a   Code   RO          944    i.GPIO_WriteBit     stm32f10x_gpio.o
    0x0800085e   0x0800085e   0x00000004   Code   RO          142    i.HardFault_Handler  stm32f10x_it.o
    0x08000862   0x08000862   0x00000002   PAD
    0x08000864   0x08000864   0x00000050   Code   RO          418    i.IIC_Ack           myiic.o
    0x080008b4   0x080008b4   0x00000034   Code   RO          419    i.IIC_Init          myiic.o
    0x080008e8   0x080008e8   0x00000050   Code   RO          420    i.IIC_NAck          myiic.o
    0x08000938   0x08000938   0x00000070   Code   RO          421    i.IIC_Read_Byte     myiic.o
    0x080009a8   0x080009a8   0x00000068   Code   RO          422    i.IIC_Send_Byte     myiic.o
    0x08000a10   0x08000a10   0x0000004c   Code   RO          423    i.IIC_Start         myiic.o
    0x08000a5c   0x08000a5c   0x0000004c   Code   RO          424    i.IIC_Stop          myiic.o
    0x08000aa8   0x08000aa8   0x00000064   Code   RO          425    i.IIC_Wait_Ack      myiic.o
    0x08000b0c   0x08000b0c   0x0000003c   Code   RO          281    i.KEY_Init          key.o
    0x08000b48   0x08000b48   0x0000004c   Code   RO          263    i.LED_Init          led.o
    0x08000b94   0x08000b94   0x00000004   Code   RO          143    i.MemManage_Handler  stm32f10x_it.o
    0x08000b98   0x08000b98   0x00000002   Code   RO          144    i.NMI_Handler       stm32f10x_it.o
    0x08000b9a   0x08000b9a   0x00000002   PAD
    0x08000b9c   0x08000b9c   0x00000070   Code   RO          891    i.NVIC_Init         misc.o
    0x08000c0c   0x08000c0c   0x00000014   Code   RO          892    i.NVIC_PriorityGroupConfig  misc.o
    0x08000c20   0x08000c20   0x00000002   Code   RO          145    i.PendSV_Handler    stm32f10x_it.o
    0x08000c22   0x08000c22   0x00000002   PAD
    0x08000c24   0x08000c24   0x00000020   Code   RO         1043    i.RCC_APB1PeriphClockCmd  stm32f10x_rcc.o
    0x08000c44   0x08000c44   0x00000020   Code   RO         1044    i.RCC_APB1PeriphResetCmd  stm32f10x_rcc.o
    0x08000c64   0x08000c64   0x00000020   Code   RO         1045    i.RCC_APB2PeriphClockCmd  stm32f10x_rcc.o
    0x08000c84   0x08000c84   0x000000d4   Code   RO         1053    i.RCC_GetClocksFreq  stm32f10x_rcc.o
    0x08000d58   0x08000d58   0x00000002   Code   RO          146    i.SVC_Handler       stm32f10x_it.o
    0x08000d5a   0x08000d5a   0x00000008   Code   RO          229    i.SetSysClock       system_stm32f10x.o
    0x08000d62   0x08000d62   0x00000002   PAD
    0x08000d64   0x08000d64   0x000000e0   Code   RO          230    i.SetSysClockTo72   system_stm32f10x.o
    0x08000e44   0x08000e44   0x00000028   Code   RO          895    i.SysTick_CLKSourceConfig  misc.o
    0x08000e6c   0x08000e6c   0x00000002   Code   RO          147    i.SysTick_Handler   stm32f10x_it.o
    0x08000e6e   0x08000e6e   0x00000002   PAD
    0x08000e70   0x08000e70   0x00000060   Code   RO          232    i.SystemInit        system_stm32f10x.o
    0x08000ed0   0x08000ed0   0x00000030   Code   RO          300    i.TIM3_IRQHandler   timer.o
    0x08000f00   0x08000f00   0x000000c0   Code   RO          302    i.TIM3_PWM_Init     timer.o
    0x08000fc0   0x08000fc0   0x000000bc   Code   RO          303    i.TIM4_PWM_Init     timer.o
    0x0800107c   0x0800107c   0x00000020   Code   RO          594    i.TIM5_IRQHandler   encoder.o
    0x0800109c   0x0800109c   0x00000060   Code   RO          595    i.TIM5_Int_Init     encoder.o
    0x080010fc   0x080010fc   0x00000006   Code   RO         1252    i.TIM_ClearITPendingBit  stm32f10x_tim.o
    0x08001102   0x08001102   0x00000018   Code   RO         1257    i.TIM_Cmd           stm32f10x_tim.o
    0x0800111a   0x0800111a   0x00000022   Code   RO         1278    i.TIM_GetITStatus   stm32f10x_tim.o
    0x0800113c   0x0800113c   0x00000012   Code   RO         1282    i.TIM_ITConfig      stm32f10x_tim.o
    0x0800114e   0x0800114e   0x00000002   PAD
    0x08001150   0x08001150   0x00000098   Code   RO         1286    i.TIM_OC1Init       stm32f10x_tim.o
    0x080011e8   0x080011e8   0x00000012   Code   RO         1289    i.TIM_OC1PreloadConfig  stm32f10x_tim.o
    0x080011fa   0x080011fa   0x00000002   PAD
    0x080011fc   0x080011fc   0x000000a4   Code   RO         1291    i.TIM_OC2Init       stm32f10x_tim.o
    0x080012a0   0x080012a0   0x0000001a   Code   RO         1294    i.TIM_OC2PreloadConfig  stm32f10x_tim.o
    0x080012ba   0x080012ba   0x00000002   PAD
    0x080012bc   0x080012bc   0x000000a0   Code   RO         1296    i.TIM_OC3Init       stm32f10x_tim.o
    0x0800135c   0x0800135c   0x00000012   Code   RO         1299    i.TIM_OC3PreloadConfig  stm32f10x_tim.o
    0x0800136e   0x0800136e   0x00000002   PAD
    0x08001370   0x08001370   0x0000007c   Code   RO         1301    i.TIM_OC4Init       stm32f10x_tim.o
    0x080013ec   0x080013ec   0x0000001a   Code   RO         1303    i.TIM_OC4PreloadConfig  stm32f10x_tim.o
    0x08001406   0x08001406   0x00000004   Code   RO         1318    i.TIM_SetCompare1   stm32f10x_tim.o
    0x0800140a   0x0800140a   0x00000004   Code   RO         1319    i.TIM_SetCompare2   stm32f10x_tim.o
    0x0800140e   0x0800140e   0x00000004   Code   RO         1320    i.TIM_SetCompare3   stm32f10x_tim.o
    0x08001412   0x08001412   0x00000006   Code   RO         1321    i.TIM_SetCompare4   stm32f10x_tim.o
    0x08001418   0x08001418   0x000000a4   Code   RO         1328    i.TIM_TimeBaseInit  stm32f10x_tim.o
    0x080014bc   0x080014bc   0x00000040   Code   RO          821    i.USART1_IRQHandler  usart.o
    0x080014fc   0x080014fc   0x00000040   Code   RO          822    i.USART2_IRQHandler  usart.o
    0x0800153c   0x0800153c   0x0000001e   Code   RO         1790    i.USART_ClearITPendingBit  stm32f10x_usart.o
    0x0800155a   0x0800155a   0x00000018   Code   RO         1793    i.USART_Cmd         stm32f10x_usart.o
    0x08001572   0x08001572   0x00000054   Code   RO         1797    i.USART_GetITStatus  stm32f10x_usart.o
    0x080015c6   0x080015c6   0x0000004a   Code   RO         1799    i.USART_ITConfig    stm32f10x_usart.o
    0x08001610   0x08001610   0x000000d8   Code   RO         1800    i.USART_Init        stm32f10x_usart.o
    0x080016e8   0x080016e8   0x0000000a   Code   RO         1807    i.USART_ReceiveData  stm32f10x_usart.o
    0x080016f2   0x080016f2   0x00000004   Code   RO          148    i.UsageFault_Handler  stm32f10x_it.o
    0x080016f6   0x080016f6   0x00000004   Code   RO          823    i._sys_exit         usart.o
    0x080016fa   0x080016fa   0x00000002   PAD
    0x080016fc   0x080016fc   0x00000098   Code   RO          264    i.all_GPIO_DefaultInit  led.o
    0x08001794   0x08001794   0x00000032   Code   RO          304    i.all_motor         timer.o
    0x080017c6   0x080017c6   0x00000046   Code   RO          472    i.all_progress1     step.o
    0x0800180c   0x0800180c   0x000002a4   Code   RO          473    i.all_progress2     step.o
    0x08001ab0   0x08001ab0   0x000002f8   Code   RO          474    i.cmd               step.o
    0x08001da8   0x08001da8   0x000001b8   Code   RO          634    i.cross_a_line      patrol.o
    0x08001f60   0x08001f60   0x00000188   Code   RO          635    i.cross_a_line_back  patrol.o
    0x080020e8   0x080020e8   0x00000188   Code   RO          636    i.cross_a_line_left  patrol.o
    0x08002270   0x08002270   0x00000140   Code   RO          637    i.cross_jian_su_dai  patrol.o
    0x080023b0   0x080023b0   0x00000140   Code   RO          638    i.cross_jian_su_dai_back  patrol.o
    0x080024f0   0x080024f0   0x00000044   Code   RO          766    i.delay_init        delay.o
    0x08002534   0x08002534   0x0000004c   Code   RO          767    i.delay_ms          delay.o
    0x08002580   0x08002580   0x0000004c   Code   RO          768    i.delay_us          delay.o
    0x080025cc   0x080025cc   0x00000054   Code   RO          475    i.fangqiu           step.o
    0x08002620   0x08002620   0x00000054   Code   RO          476    i.fangxia_duoji     step.o
    0x08002674   0x08002674   0x0000004c   Code   RO          477    i.faqiu             step.o
    0x080026c0   0x080026c0   0x000000a0   Code   RO          478    i.faqiu_with_bianmaqi  step.o
    0x08002760   0x08002760   0x00000036   Code   RO          479    i.faqiudingwei      step.o
    0x08002796   0x08002796   0x00000002   PAD
    0x08002798   0x08002798   0x000000dc   Code   RO         2294    i.floor             m_ws.l(floor.o)
    0x08002874   0x08002874   0x0000001c   Code   RO          824    i.fputc             usart.o
    0x08002890   0x08002890   0x000000f4   Code   RO          480    i.get_a_qiu         step.o
    0x08002984   0x08002984   0x00000078   Code   RO          481    i.init_all          step.o
    0x080029fc   0x080029fc   0x00000054   Code   RO            1    i.main              main.o
    0x08002a50   0x08002a50   0x00000030   Code   RO          305    i.motor0            timer.o
    0x08002a80   0x08002a80   0x00000030   Code   RO          306    i.motor1            timer.o
    0x08002ab0   0x08002ab0   0x00000030   Code   RO          307    i.motor2            timer.o
    0x08002ae0   0x08002ae0   0x00000030   Code   RO          308    i.motor3            timer.o
    0x08002b10   0x08002b10   0x00000034   Code   RO          309    i.motor4            timer.o
    0x08002b44   0x08002b44   0x00000034   Code   RO          596    i.motor_control     encoder.o
    0x08002b78   0x08002b78   0x00000034   Code   RO          482    i.move_between_lines  step.o
    0x08002bac   0x08002bac   0x0000002c   Code   RO          639    i.move_left         patrol.o
    0x08002bd8   0x08002bd8   0x0000002c   Code   RO          640    i.move_right        patrol.o
    0x08002c04   0x08002c04   0x00000096   Code   RO          483    i.move_to_faqiu_and_back  step.o
    0x08002c9a   0x08002c9a   0x0000003a   Code   RO          369    i.pca_read          pca9685.o
    0x08002cd4   0x08002cd4   0x00000048   Code   RO          484    i.pca_setangle      step.o
    0x08002d1c   0x08002d1c   0x000000cc   Code   RO          370    i.pca_setfreq       pca9685.o
    0x08002de8   0x08002de8   0x0000003e   Code   RO          371    i.pca_setpwm        pca9685.o
    0x08002e26   0x08002e26   0x0000002e   Code   RO          372    i.pca_write         pca9685.o
    0x08002e54   0x08002e54   0x00000068   Code   RO          485    i.quqiu             step.o
    0x08002ebc   0x08002ebc   0x00000054   Code   RO          486    i.quqiu_bufang      step.o
    0x08002f10   0x08002f10   0x00000040   Code   RO          487    i.reset_duoji       step.o
    0x08002f50   0x08002f50   0x0000001c   Code   RO          489    i.shengqi_duoji     step.o
    0x08002f6c   0x08002f6c   0x00000074   Code   RO          490    i.shibie            step.o
    0x08002fe0   0x08002fe0   0x00000134   Code   RO          641    i.tiaozhengweizhi   patrol.o
    0x08003114   0x08003114   0x00000058   Code   RO          642    i.tiaozhengweizhi_zuoyou  patrol.o
    0x0800316c   0x0800316c   0x0000002c   Code   RO          643    i.turn_left         patrol.o
    0x08003198   0x08003198   0x0000005c   Code   RO          644    i.turn_left_until_line  patrol.o
    0x080031f4   0x080031f4   0x0000002c   Code   RO          645    i.turn_right        patrol.o
    0x08003220   0x08003220   0x000000bc   Code   RO          825    i.uart2_init        usart.o
    0x080032dc   0x080032dc   0x00000134   Code   RO          646    i.walk_left_both_on_line  patrol.o
    0x08003410   0x08003410   0x00000170   Code   RO          648    i.walk_left_both_on_line_and_stop_in_th_middle2  patrol.o
    0x08003580   0x08003580   0x00000130   Code   RO          649    i.walk_qianhou_back_on_line  patrol.o
    0x080036b0   0x080036b0   0x00000158   Code   RO          650    i.walk_qianhou_back_on_line_and_stop_in_the_middle  patrol.o
    0x08003808   0x08003808   0x00000160   Code   RO          651    i.walk_qianhou_on_line  patrol.o
    0x08003968   0x08003968   0x00000158   Code   RO          652    i.walk_qianhou_on_line_and_stop_in_the_middles  patrol.o
    0x08003ac0   0x08003ac0   0x00000134   Code   RO          653    i.walk_right_both_on_line  patrol.o
    0x08003bf4   0x08003bf4   0x00000170   Code   RO          654    i.walk_right_both_on_line_and_stop_in_the_middle2  patrol.o
    0x08003d64   0x08003d64   0x00000062   Code   RO         2267    x$fpl$d2f           fz_ws.l(d2f.o)
    0x08003dc6   0x08003dc6   0x00000002   PAD
    0x08003dc8   0x08003dc8   0x00000150   Code   RO         2269    x$fpl$dadd          fz_ws.l(daddsub_clz.o)
    0x08003f18   0x08003f18   0x00000018   Code   RO         2351    x$fpl$dcmpinf       fz_ws.l(dcmpi.o)
    0x08003f30   0x08003f30   0x000002b0   Code   RO         2276    x$fpl$ddiv          fz_ws.l(ddiv.o)
    0x080041e0   0x080041e0   0x0000005a   Code   RO         2279    x$fpl$dfixu         fz_ws.l(dfixu.o)
    0x0800423a   0x0800423a   0x00000002   PAD
    0x0800423c   0x0800423c   0x00000078   Code   RO         2337    x$fpl$dleqf         fz_ws.l(dleqf.o)
    0x080042b4   0x080042b4   0x00000154   Code   RO         2289    x$fpl$dmul          fz_ws.l(dmul.o)
    0x08004408   0x08004408   0x0000009c   Code   RO         2305    x$fpl$dnaninf       fz_ws.l(dnaninf.o)
    0x080044a4   0x080044a4   0x0000000c   Code   RO         2307    x$fpl$dretinf       fz_ws.l(dretinf.o)
    0x080044b0   0x080044b0   0x0000006c   Code   RO         2309    x$fpl$drleqf        fz_ws.l(drleqf.o)
    0x0800451c   0x0800451c   0x00000016   Code   RO         2270    x$fpl$drsb          fz_ws.l(daddsub_clz.o)
    0x08004532   0x08004532   0x00000002   PAD
    0x08004534   0x08004534   0x000001d4   Code   RO         2271    x$fpl$dsub          fz_ws.l(daddsub_clz.o)
    0x08004708   0x08004708   0x00000056   Code   RO         2291    x$fpl$f2d           fz_ws.l(f2d.o)
    0x0800475e   0x0800475e   0x0000008c   Code   RO         2311    x$fpl$fnaninf       fz_ws.l(fnaninf.o)
    0x080047ea   0x080047ea   0x0000000a   Code   RO         2313    x$fpl$fretinf       fz_ws.l(fretinf.o)
    0x080047f4   0x080047f4   0x00000000   Code   RO         2315    x$fpl$usenofp       fz_ws.l(usenofp.o)
    0x080047f4   0x080047f4   0x00000020   Data   RO         2478    Region$$Table       anon$$obj.o


    Execution Region RW_IRAM1 (Exec base: 0x20000000, Load base: 0x08004814, Size: 0x00000788, Max: 0x00010000, ABSOLUTE)

    Exec Addr    Load Addr    Size         Type   Attr      Idx    E Section Name        Object

    0x20000000   0x08004814   0x00000014   Data   RW          233    .data               system_stm32f10x.o
    0x20000014   0x08004828   0x00000028   Data   RW          597    .data               encoder.o
    0x2000003c   0x08004850   0x00000004   Data   RW          769    .data               delay.o
    0x20000040   0x08004854   0x00000006   Data   RW          828    .data               usart.o
    0x20000046   0x0800485a   0x00000014   Data   RW         1073    .data               stm32f10x_rcc.o
    0x2000005a   0x0800486e   0x00000002   PAD
    0x2000005c        -       0x000000c8   Zero   RW          827    .bss                usart.o
    0x20000124        -       0x00000060   Zero   RW         2354    .bss                c_w.l(libspace.o)
    0x20000184   0x0800486e   0x00000004   PAD
    0x20000188        -       0x00000200   Zero   RW          885    HEAP                startup_stm32f10x_hd.o
    0x20000388        -       0x00000400   Zero   RW          884    STACK               startup_stm32f10x_hd.o


==============================================================================

Image component sizes


      Code (inc. data)   RO Data    RW Data    ZI Data      Debug   Object Name

       220         26          0          4          0       1627   delay.o
       372         48          0         40          0       3225   encoder.o
        60          8          0          0          0        475   key.o
       228         36          0          0          0       1010   led.o
        84         10          0          0          0     255355   main.o
       172         22          0          0          0       1965   misc.o
       680        102          0          0          0       4014   myiic.o
      5224        138          0          0          0      12994   patrol.o
       370         24          0          0          0       2354   pca9685.o
        64         26        304          0       1536        784   startup_stm32f10x_hd.o
      2998        246          0          0          0      10623   step.o
       200         18          0          0          0       2016   stm32f10x_exti.o
       500         10          0          0          0       4395   stm32f10x_gpio.o
        26          0          0          0          0       3498   stm32f10x_it.o
       308         38          0         20          0       4875   stm32f10x_rcc.o
       952         92          0          0          0      10490   stm32f10x_tim.o
       438          6          0          0          0       5476   stm32f10x_usart.o
         0          0          0          0          0         32   sys.o
       328         28          0         20          0       1977   system_stm32f10x.o
       722         82          0          0          0       5403   timer.o
       348         36          0          6        200       4453   usart.o

    ----------------------------------------------------------------------
     14320        996        336         92       1736     337041   Object Totals
         0          0         32          0          0          0   (incl. Generated)
        26          0          0          2          0          0   (incl. Padding)

    ----------------------------------------------------------------------

      Code (inc. data)   RO Data    RW Data    ZI Data      Debug   Library Member Name

         8          0          0          0          0         68   __main.o
       104          0          0          0          0         84   __printf.o
         0          0          0          0          0          0   __rtentry.o
        12          0          0          0          0          0   __rtentry2.o
         6          0          0          0          0          0   __rtentry4.o
        52          8          0          0          0          0   __scatter.o
        26          0          0          0          0          0   __scatter_copy.o
        28          0          0          0          0          0   __scatter_zi.o
        48          6          0          0          0         96   _printf_char_common.o
        36          4          0          0          0         80   _printf_char_file.o
         6          0          0          0          0          0   _printf_d.o
       120         16          0          0          0         92   _printf_dec.o
       178          0          0          0          0         88   _printf_intcommon.o
         0          0          0          0          0          0   _printf_percent.o
         4          0          0          0          0          0   _printf_percent_end.o
        18          0          0          0          0         80   exit.o
         8          0          0          0          0         68   ferror.o
         6          0          0          0          0        152   heapauxi.o
         2          0          0          0          0          0   libinit.o
         2          0          0          0          0          0   libinit2.o
         2          0          0          0          0          0   libshutdown.o
         2          0          0          0          0          0   libshutdown2.o
         8          4          0          0         96         68   libspace.o
        24          4          0          0          0         84   noretval__2printf.o
        78          0          0          0          0         80   rt_memclr_w.o
         2          0          0          0          0          0   rtexit.o
        10          0          0          0          0          0   rtexit2.o
        74          0          0          0          0         80   sys_stackheap_outer.o
         2          0          0          0          0         68   use_no_semi.o
         2          0          0          0          0         68   use_no_semi_2.o
        98          4          0          0          0         92   d2f.o
       826         16          0          0          0        348   daddsub_clz.o
        24          0          0          0          0         68   dcmpi.o
       688        140          0          0          0        208   ddiv.o
        90          4          0          0          0         92   dfixu.o
       120          4          0          0          0         92   dleqf.o
       340         12          0          0          0        104   dmul.o
       156          4          0          0          0         92   dnaninf.o
        12          0          0          0          0         68   dretinf.o
       108          0          0          0          0         80   drleqf.o
        86          4          0          0          0         84   f2d.o
       140          4          0          0          0         84   fnaninf.o
        10          0          0          0          0         68   fretinf.o
         0          0          0          0          0          0   usenofp.o
       220         16          0          0          0         84   floor.o

    ----------------------------------------------------------------------
      3796        250          0          0        100       2820   Library Totals
        10          0          0          0          4          0   (incl. Padding)

    ----------------------------------------------------------------------

      Code (inc. data)   RO Data    RW Data    ZI Data      Debug   Library Name

       868         42          0          0         96       1256   c_w.l
      2698        192          0          0          0       1480   fz_ws.l
       220         16          0          0          0         84   m_ws.l

    ----------------------------------------------------------------------
      3796        250          0          0        100       2820   Library Totals

    ----------------------------------------------------------------------

==============================================================================


      Code (inc. data)   RO Data    RW Data    ZI Data      Debug   

     18116       1246        336         92       1836     332161   Grand Totals
     18116       1246        336         92       1836     332161   ELF Image Totals
     18116       1246        336         92          0          0   ROM Totals

==============================================================================

    Total RO  Size (Code + RO Data)                18452 (  18.02kB)
    Total RW  Size (RW Data + ZI Data)              1928 (   1.88kB)
    Total ROM Size (Code + RO Data + RW Data)      18544 (  18.11kB)

==============================================================================

